Archive member included to satisfy reference by file (symbol)

/Applications/ArmGNUToolchain/13.3.rel1/arm-none-eabi/bin/../lib/gcc/arm-none-eabi/13.3.1/../../../../arm-none-eabi/lib/thumb/v7e-m/nofp/libg.a(libc_a-atoi.o)
                              ./build/obj/main.o (symbol from plugin) (atoi)
/Applications/ArmGNUToolchain/13.3.rel1/arm-none-eabi/bin/../lib/gcc/arm-none-eabi/13.3.1/../../../../arm-none-eabi/lib/thumb/v7e-m/nofp/libg.a(libc_a-strtol.o)
                              /Applications/ArmGNUToolchain/13.3.rel1/arm-none-eabi/bin/../lib/gcc/arm-none-eabi/13.3.1/../../../../arm-none-eabi/lib/thumb/v7e-m/nofp/libg.a(libc_a-atoi.o) (_strtol_r)
/Applications/ArmGNUToolchain/13.3.rel1/arm-none-eabi/bin/../lib/gcc/arm-none-eabi/13.3.1/../../../../arm-none-eabi/lib/thumb/v7e-m/nofp/libg.a(libc_a-impure.o)
                              /Applications/ArmGNUToolchain/13.3.rel1/arm-none-eabi/bin/../lib/gcc/arm-none-eabi/13.3.1/../../../../arm-none-eabi/lib/thumb/v7e-m/nofp/libg.a(libc_a-strtol.o) (_impure_ptr)
/Applications/ArmGNUToolchain/13.3.rel1/arm-none-eabi/bin/../lib/gcc/arm-none-eabi/13.3.1/../../../../arm-none-eabi/lib/thumb/v7e-m/nofp/libg.a(libc_a-errno.o)
                              /Applications/ArmGNUToolchain/13.3.rel1/arm-none-eabi/bin/../lib/gcc/arm-none-eabi/13.3.1/../../../../arm-none-eabi/lib/thumb/v7e-m/nofp/libg.a(libc_a-strtol.o) (__errno)
/Applications/ArmGNUToolchain/13.3.rel1/arm-none-eabi/bin/../lib/gcc/arm-none-eabi/13.3.1/../../../../arm-none-eabi/lib/thumb/v7e-m/nofp/libg.a(libc_a-ctype_.o)
                              /Applications/ArmGNUToolchain/13.3.rel1/arm-none-eabi/bin/../lib/gcc/arm-none-eabi/13.3.1/../../../../arm-none-eabi/lib/thumb/v7e-m/nofp/libg.a(libc_a-strtol.o) (_ctype_)
/Applications/ArmGNUToolchain/13.3.rel1/arm-none-eabi/bin/../lib/gcc/arm-none-eabi/13.3.1/../../../../arm-none-eabi/lib/thumb/v7e-m/nofp/libg.a(libc_a-findfp.o)
                              /Applications/ArmGNUToolchain/13.3.rel1/arm-none-eabi/bin/../lib/gcc/arm-none-eabi/13.3.1/../../../../arm-none-eabi/lib/thumb/v7e-m/nofp/libg.a(libc_a-impure.o) (__sf)
/Applications/ArmGNUToolchain/13.3.rel1/arm-none-eabi/bin/../lib/gcc/arm-none-eabi/13.3.1/../../../../arm-none-eabi/lib/thumb/v7e-m/nofp/libg.a(libc_a-memset.o)
                              /Applications/ArmGNUToolchain/13.3.rel1/arm-none-eabi/bin/../lib/gcc/arm-none-eabi/13.3.1/../../../../arm-none-eabi/lib/thumb/v7e-m/nofp/libg.a(libc_a-findfp.o) (memset)
/Applications/ArmGNUToolchain/13.3.rel1/arm-none-eabi/bin/../lib/gcc/arm-none-eabi/13.3.1/../../../../arm-none-eabi/lib/thumb/v7e-m/nofp/libg.a(libc_a-lock.o)
                              /Applications/ArmGNUToolchain/13.3.rel1/arm-none-eabi/bin/../lib/gcc/arm-none-eabi/13.3.1/../../../../arm-none-eabi/lib/thumb/v7e-m/nofp/libg.a(libc_a-findfp.o) (__retarget_lock_init_recursive)
/Applications/ArmGNUToolchain/13.3.rel1/arm-none-eabi/bin/../lib/gcc/arm-none-eabi/13.3.1/../../../../arm-none-eabi/lib/thumb/v7e-m/nofp/libg.a(libc_a-mallocr.o)
                              /Applications/ArmGNUToolchain/13.3.rel1/arm-none-eabi/bin/../lib/gcc/arm-none-eabi/13.3.1/../../../../arm-none-eabi/lib/thumb/v7e-m/nofp/libg.a(libc_a-findfp.o) (_malloc_r)
/Applications/ArmGNUToolchain/13.3.rel1/arm-none-eabi/bin/../lib/gcc/arm-none-eabi/13.3.1/../../../../arm-none-eabi/lib/thumb/v7e-m/nofp/libg.a(libc_a-mlock.o)
                              /Applications/ArmGNUToolchain/13.3.rel1/arm-none-eabi/bin/../lib/gcc/arm-none-eabi/13.3.1/../../../../arm-none-eabi/lib/thumb/v7e-m/nofp/libg.a(libc_a-mallocr.o) (__malloc_lock)
/Applications/ArmGNUToolchain/13.3.rel1/arm-none-eabi/bin/../lib/gcc/arm-none-eabi/13.3.1/../../../../arm-none-eabi/lib/thumb/v7e-m/nofp/libg.a(libc_a-fwalk.o)
                              /Applications/ArmGNUToolchain/13.3.rel1/arm-none-eabi/bin/../lib/gcc/arm-none-eabi/13.3.1/../../../../arm-none-eabi/lib/thumb/v7e-m/nofp/libg.a(libc_a-findfp.o) (_fwalk_sglue)
/Applications/ArmGNUToolchain/13.3.rel1/arm-none-eabi/bin/../lib/gcc/arm-none-eabi/13.3.1/../../../../arm-none-eabi/lib/thumb/v7e-m/nofp/libg.a(libc_a-fclose.o)
                              /Applications/ArmGNUToolchain/13.3.rel1/arm-none-eabi/bin/../lib/gcc/arm-none-eabi/13.3.1/../../../../arm-none-eabi/lib/thumb/v7e-m/nofp/libg.a(libc_a-findfp.o) (_fclose_r)
/Applications/ArmGNUToolchain/13.3.rel1/arm-none-eabi/bin/../lib/gcc/arm-none-eabi/13.3.1/../../../../arm-none-eabi/lib/thumb/v7e-m/nofp/libg.a(libc_a-fflush.o)
                              /Applications/ArmGNUToolchain/13.3.rel1/arm-none-eabi/bin/../lib/gcc/arm-none-eabi/13.3.1/../../../../arm-none-eabi/lib/thumb/v7e-m/nofp/libg.a(libc_a-fclose.o) (__sflush_r)
/Applications/ArmGNUToolchain/13.3.rel1/arm-none-eabi/bin/../lib/gcc/arm-none-eabi/13.3.1/../../../../arm-none-eabi/lib/thumb/v7e-m/nofp/libg.a(libc_a-stdio.o)
[...]
Memory Configuration

Name             Origin             Length             Attributes
flash0           0x08000000         0x00100000         xr
flash1           0x00000000         0x00000000         xr
flash2           0x00000000         0x00000000         xr
flash3           0x00000000         0x00000000         xr
flash4           0x00000000         0x00000000         xr
flash5           0x00000000         0x00000000         xr
flash6           0x00000000         0x00000000         xr
flash7           0x00000000         0x00000000         xr
ram0             0x24000000         0x00050000         xw
ram1             0x30000000         0x00008000         xw
ram2             0x30000000         0x00004000         xw
ram3             0x30002000         0x00004000         xw
ram4             0x38000000         0x00004000         xw
ram5             0x20000000         0x00020000         xw
ram6             0x00000000         0x00010000         xw
ram7             0x38800000         0x00001000         xw
*default*        0x00000000         0xffffffff

Linker script and memory map

LOAD ./build/obj/crt0_v7m.o
LOAD ./build/obj/vectors.o
LOAD ./build/obj/chcoreasm.o
LOAD ./build/obj/crt1.o
LOAD /var/folders/t2/7bcnkrz10_lcdd2nm4q03l7w0000gn/T//cc3aPdxu.ltrans0.ltrans.o
LOAD /var/folders/t2/7bcnkrz10_lcdd2nm4q03l7w0000gn/T//ccByHYuX.debug.temp.o
LOAD /var/folders/t2/7bcnkrz10_lcdd2nm4q03l7w0000gn/T//cc9QEZeY.debug.temp.o
LOAD /var/folders/t2/7bcnkrz10_lcdd2nm4q03l7w0000gn/T//ccFxtcYj.debug.temp.o
LOAD /var/folders/t2/7bcnkrz10_lcdd2nm4q03l7w0000gn/T//ccout8Bb.debug.temp.o
LOAD /var/folders/t2/7bcnkrz10_lcdd2nm4q03l7w0000gn/T//ccARoYiQ.debug.temp.o
LOAD /var/folders/t2/7bcnkrz10_lcdd2nm4q03l7w0000gn/T//ccVNtTFL.debug.temp.o
LOAD /var/folders/t2/7bcnkrz10_lcdd2nm4q03l7w0000gn/T//ccJO0fzm.debug.temp.o
LOAD /var/folders/t2/7bcnkrz10_lcdd2nm4q03l7w0000gn/T//cc9Wym4s.debug.temp.o
LOAD /var/folders/t2/7bcnkrz10_lcdd2nm4q03l7w0000gn/T//ccDX7zzd.debug.temp.o
LOAD /var/folders/t2/7bcnkrz10_lcdd2nm4q03l7w0000gn/T//ccxPmoAM.debug.temp.o
LOAD /var/folders/t2/7bcnkrz10_lcdd2nm4q03l7w0000gn/T//cc5AwbTJ.debug.temp.o
LOAD /var/folders/t2/7bcnkrz10_lcdd2nm4q03l7w0000gn/T//ccU95DRp.debug.temp.o
LOAD /var/folders/t2/7bcnkrz10_lcdd2nm4q03l7w0000gn/T//ccb9T5oj.debug.temp.o
LOAD /var/folders/t2/7bcnkrz10_lcdd2nm4q03l7w0000gn/T//ccWIgsB5.debug.temp.o
LOAD /var/folders/t2/7bcnkrz10_lcdd2nm4q03l7w0000gn/T//ccSvoHrk.debug.temp.o
LOAD /var/folders/t2/7bcnkrz10_lcdd2nm4q03l7w0000gn/T//ccHYlA9a.debug.temp.o
LOAD /var/folders/t2/7bcnkrz10_lcdd2nm4q03l7w0000gn/T//ccOCbD6Q.debug.temp.o
LOAD /var/folders/t2/7bcnkrz10_lcdd2nm4q03l7w0000gn/T//ccXam62P.debug.temp.o
LOAD /var/folders/t2/7bcnkrz10_lcdd2nm4q03l7w0000gn/T//ccU0Eugd.debug.temp.o
LOAD /var/folders/t2/7bcnkrz10_lcdd2nm4q03l7w0000gn/T//ccejCqrY.debug.temp.o
LOAD /var/folders/t2/7bcnkrz10_lcdd2nm4q03l7w0000gn/T//cc6hIFb9.debug.temp.o
LOAD /var/folders/t2/7bcnkrz10_lcdd2nm4q03l7w0000gn/T//cc2eKB9e.debug.temp.o
LOAD /var/folders/t2/7bcnkrz10_lcdd2nm4q03l7w0000gn/T//ccf86WCt.debug.temp.o
LOAD /var/folders/t2/7bcnkrz10_lcdd2nm4q03l7w0000gn/T//ccPlaFJZ.debug.temp.o
LOAD /var/folders/t2/7bcnkrz10_lcdd2nm4q03l7w0000gn/T//cctlVVjV.debug.temp.o
LOAD /var/folders/t2/7bcnkrz10_lcdd2nm4q03l7w0000gn/T//ccWCrARq.debug.temp.o
LOAD /var/folders/t2/7bcnkrz10_lcdd2nm4q03l7w0000gn/T//ccZJzLtS.debug.temp.o
LOAD /var/folders/t2/7bcnkrz10_lcdd2nm4q03l7w0000gn/T//ccXeuy7V.debug.temp.o
LOAD /var/folders/t2/7bcnkrz10_lcdd2nm4q03l7w0000gn/T//ccQWS70U.debug.temp.o
LOAD /var/folders/t2/7bcnkrz10_lcdd2nm4q03l7w0000gn/T//ccUNc1Q5.debug.temp.o
LOAD /var/folders/t2/7bcnkrz10_lcdd2nm4q03l7w0000gn/T//ccl4Kz50.debug.temp.o
LOAD /var/folders/t2/7bcnkrz10_lcdd2nm4q03l7w0000gn/T//ccDJfLyq.debug.temp.o
LOAD /var/folders/t2/7bcnkrz10_lcdd2nm4q03l7w0000gn/T//ccmCDF2x.debug.temp.o
LOAD /var/folders/t2/7bcnkrz10_lcdd2nm4q03l7w0000gn/T//ccSf5UXK.debug.temp.o
LOAD /var/folders/t2/7bcnkrz10_lcdd2nm4q03l7w0000gn/T//ccVZimBA.debug.temp.o
LOAD /var/folders/t2/7bcnkrz10_lcdd2nm4q03l7w0000gn/T//ccvHToHJ.debug.temp.o
LOAD /var/folders/t2/7bcnkrz10_lcdd2nm4q03l7w0000gn/T//ccyksxPT.debug.temp.o
LOAD /var/folders/t2/7bcnkrz10_lcdd2nm4q03l7w0000gn/T//ccxpIURP.debug.temp.o
LOAD /var/folders/t2/7bcnkrz10_lcdd2nm4q03l7w0000gn/T//ccdNCH8e.debug.temp.o
LOAD /var/folders/t2/7bcnkrz10_lcdd2nm4q03l7w0000gn/T//ccCC3HsL.debug.temp.o
LOAD /var/folders/t2/7bcnkrz10_lcdd2nm4q03l7w0000gn/T//ccpjK9yv.debug.temp.o
LOAD /var/folders/t2/7bcnkrz10_lcdd2nm4q03l7w0000gn/T//cc0nl6H9.debug.temp.o
LOAD /var/folders/t2/7bcnkrz10_lcdd2nm4q03l7w0000gn/T//ccAMfcPS.debug.temp.o
LOAD /var/folders/t2/7bcnkrz10_lcdd2nm4q03l7w0000gn/T//ccBAjJqj.debug.temp.o
LOAD /var/folders/t2/7bcnkrz10_lcdd2nm4q03l7w0000gn/T//cc64ekZC.debug.temp.o
LOAD /var/folders/t2/7bcnkrz10_lcdd2nm4q03l7w0000gn/T//ccxSX9CQ.debug.temp.o
LOAD /var/folders/t2/7bcnkrz10_lcdd2nm4q03l7w0000gn/T//ccIkftEl.debug.temp.o
LOAD /var/folders/t2/7bcnkrz10_lcdd2nm4q03l7w0000gn/T//ccXTb27C.debug.temp.o
LOAD /var/folders/t2/7bcnkrz10_lcdd2nm4q03l7w0000gn/T//ccAkuMui.debug.temp.o
LOAD /var/folders/t2/7bcnkrz10_lcdd2nm4q03l7w0000gn/T//ccxN8fgc.debug.temp.o
LOAD /var/folders/t2/7bcnkrz10_lcdd2nm4q03l7w0000gn/T//ccdcvgzr.debug.temp.o
LOAD /var/folders/t2/7bcnkrz10_lcdd2nm4q03l7w0000gn/T//ccNkyyOX.debug.temp.o
LOAD /var/folders/t2/7bcnkrz10_lcdd2nm4q03l7w0000gn/T//ccjfPH1B.debug.temp.o
LOAD /var/folders/t2/7bcnkrz10_lcdd2nm4q03l7w0000gn/T//cccUCLnh.debug.temp.o
LOAD /var/folders/t2/7bcnkrz10_lcdd2nm4q03l7w0000gn/T//ccDOQEBS.debug.temp.o
LOAD /var/folders/t2/7bcnkrz10_lcdd2nm4q03l7w0000gn/T//ccjmGCtL.debug.temp.o
LOAD /var/folders/t2/7bcnkrz10_lcdd2nm4q03l7w0000gn/T//ccvOVl2C.debug.temp.o
LOAD /var/folders/t2/7bcnkrz10_lcdd2nm4q03l7w0000gn/T//ccBoWnq3.debug.temp.o
LOAD /var/folders/t2/7bcnkrz10_lcdd2nm4q03l7w0000gn/T//ccN6m0y2.debug.temp.o
LOAD /var/folders/t2/7bcnkrz10_lcdd2nm4q03l7w0000gn/T//ccJcGmyv.debug.temp.o
LOAD /var/folders/t2/7bcnkrz10_lcdd2nm4q03l7w0000gn/T//ccTeEnVH.debug.temp.o
LOAD /var/folders/t2/7bcnkrz10_lcdd2nm4q03l7w0000gn/T//cch3adVq.debug.temp.o
LOAD ./build/obj/hal.o
LOAD ./build/obj/hal_st.o
LOAD ./build/obj/hal_buffered_serial.o
LOAD ./build/obj/hal_buffers.o
LOAD ./build/obj/hal_queues.o
LOAD ./build/obj/hal_flash.o
LOAD ./build/obj/hal_mmcsd.o
LOAD ./build/obj/hal_pal.o
LOAD ./build/obj/hal_pwm.o
LOAD ./build/obj/hal_serial_usb.o
LOAD ./build/obj/hal_uart.o
LOAD ./build/obj/hal_usb.o
LOAD ./build/obj/nvic.o
LOAD ./build/obj/stm32_isr.o
LOAD ./build/obj/hal_lld.o
LOAD ./build/obj/stm32_bdma.o
LOAD ./build/obj/stm32_dma.o
LOAD ./build/obj/stm32_exti.o
LOAD ./build/obj/hal_pal_lld.o
LOAD ./build/obj/stm32_mdma.o
LOAD ./build/obj/hal_usb_lld.o
LOAD ./build/obj/hal_st_lld.o
LOAD ./build/obj/hal_pwm_lld.o
LOAD ./build/obj/hal_uart_lld.o
LOAD ./build/obj/board.o
LOAD ./build/obj/osal.o
LOAD ./build/obj/chsys.o
LOAD ./build/obj/chrfcu.o
LOAD ./build/obj/chdebug.o
LOAD ./build/obj/chtrace.o
LOAD ./build/obj/chvt.o
LOAD ./build/obj/chschd.o
LOAD ./build/obj/chinstances.o
LOAD ./build/obj/chthreads.o
LOAD ./build/obj/chtm.o
LOAD ./build/obj/chregistry.o
LOAD ./build/obj/chsem.o
LOAD ./build/obj/chmtx.o
LOAD ./build/obj/chcond.o
LOAD ./build/obj/chevents.o
LOAD ./build/obj/chmsg.o
LOAD ./build/obj/chdynamic.o
LOAD ./build/obj/chmboxes.o
LOAD ./build/obj/chmemcore.o
LOAD ./build/obj/chmemheaps.o
LOAD ./build/obj/chmempools.o
LOAD ./build/obj/chpipes.o
LOAD ./build/obj/chobjcaches.o
LOAD ./build/obj/chdelegates.o
LOAD ./build/obj/chfactory.o
LOAD ./build/obj/chcore.o
LOAD ./build/obj/chprintf.o
LOAD ./build/obj/chscanf.o
LOAD ./build/obj/memstreams.o
LOAD ./build/obj/nullstreams.o
LOAD ./build/obj/bufstreams.o
LOAD ./build/obj/shell.o
LOAD ./build/obj/shell_cmd.o
LOAD ./build/obj/usbcfg.o
LOAD ./build/obj/ws2812.o
LOAD ./build/obj/main.o

.mstack         0x20000000      0x400
                0x20000000                        . = ALIGN (0x8)
                0x20000000                        __main_stack_base__ = .
                0x20000400                        . = (. + __main_stack_size__)
 *fill*         0x20000000      0x400 
                0x20000400                        . = ALIGN (0x8)
                0x20000400                        __main_stack_end__ = .

.pstack         0x20000400      0x400
                0x20000400                        . = ALIGN (0x8)
                0x20000400                        __process_stack_base__ = .
                0x20000400                        __main_thread_stack_base__ = .
                0x20000800                        . = (. + __process_stack_size__)
 *fill*         0x20000400      0x400 
                0x20000800                        . = ALIGN (0x8)
                0x20000800                        __process_stack_end__ = .
                0x20000800                        __main_thread_stack_end__ = .

.nocache        0x30002000        0x0
                0x30002000                        __nocache_base__ = .
 *(.nocache)
 *(.nocache.*)
 *(.bss.__nocache_*)
                0x30002000                        . = ALIGN (0x4)
                0x30002000                        __nocache_end__ = .

.eth            0x30002000        0x0
                0x30002000                        __eth_base__ = .
 *(.eth)
 *(.eth.*)
 *(.bss.__eth_*)
                0x30002000                        . = ALIGN (0x4)
                0x30002000                        __eth_end__ = .

.vectors        0x08000000      0x2e0
                0x08000000                        __textvectors_base__ = LOADADDR (.vectors)
                0x08000000                        __vectors_base__ = .
 *(.vectors)
 .vectors       0x08000000      0x2e0 ./build/obj/vectors.o
                0x08000000                _vectors
                0x080002e0                        __vectors_end__ = .

.xtors          0x080002e0        0x0
                0x080002e0                        __init_array_base__ = .
 *(SORT_BY_NAME(.init_array.*))
 *(.init_array)
                0x080002e0                        __init_array_end__ = .
                0x080002e0                        __fini_array_base__ = .
 *(.fini_array)
 *(SORT_BY_NAME(.fini_array.*))
                0x080002e0                        __fini_array_end__ = .

.text           0x08000300     0x65cc
                0x08000300                        __text_base__ = .
 *(.text)
 .text          0x08000300       0xd8 ./build/obj/crt0_v7m.o
                0x08000300                _crt0_entry
 .text          0x080003d8        0x8 ./build/obj/vectors.o
                0x080003d8                Reset_Handler
                0x080003da                Vector2C4
                0x080003da                VectorAC
                0x080003da                DebugMon_Handler
                0x080003da                Vector2B0
                0x080003da                Vector26C
                0x080003da                Vector22C
                0x080003da                Vector1A0
                0x080003da                Vector2C0
                0x080003da                Vector224
                0x080003da                Vector11C
                0x080003da                HardFault_Handler
                0x080003da                Vector1B8
                0x080003da                Vector1F0
                0x080003da                Vector19C
                0x080003da                Vector1EC
                0x080003da                Vector8C
                0x080003da                SysTick_Handler
                0x080003da                VectorDC
                0x080003da                Vector2D8
                0x080003da                PendSV_Handler
                0x080003da                Vector168
                0x080003da                NMI_Handler
                0x080003da                Vector270
                0x080003da                Vector24C
                0x080003da                Vector110
                0x080003da                Vector274
                0x080003da                Vector1D8
                0x080003da                Vector1F4
                0x080003da                VectorC8
                0x080003da                Vector2CC
                0x080003da                Vector94
                0x080003da                Vector254
                0x080003da                VectorA8
                0x080003da                Vector244
                0x080003da                Vector204
                0x080003da                Vector2AC
                0x080003da                VectorB4
                0x080003da                Vector1FC
                0x080003da                Vector160
                0x080003da                Vector1B0
                0x080003da                UsageFault_Handler
                0x080003da                VectorEC
                0x080003da                Vector234
                0x080003da                Vector264
                0x080003da                Vector40
                0x080003da                VectorF8
                0x080003da                VectorBC
                0x080003da                Vector190
                0x080003da                Vector1E0
                0x080003da                Vector1F8
                0x080003da                Vector260
                0x080003da                Vector27C
                0x080003da                Vector1C4
                0x080003da                Vector1CC
                0x080003da                Vector2A8
                0x080003da                Vector1E4
                0x080003da                Vector20C
                0x080003da                Vector148
                0x080003da                Vector188
                0x080003da                Vector23C
                0x080003da                Vector198
                0x080003da                Vector118
                0x080003da                VectorCC
                0x080003da                Vector54
                0x080003da                Vector98
                0x080003da                Vector2B8
                0x080003da                Vector258
                0x080003da                Vector284
                0x080003da                Vector218
                0x080003da                VectorD8
                0x080003da                Vector138
                0x080003da                Vector24
                0x080003da                Vector200
                0x080003da                Vector1AC
                0x080003da                Vector178
                0x080003da                SecureFault_Handler
                0x080003da                Vector1A4
                0x080003da                VectorD0
                0x080003da                Vector2A0
                0x080003da                Vector1B4
                0x080003da                Vector28C
                0x080003da                Vector140
                0x080003da                VectorE4
                0x080003da                VectorC0
                0x080003da                Vector1C0
                0x080003da                Vector214
                0x080003da                Vector250
                0x080003da                Vector2D0
                0x080003da                Vector134
                0x080003da                Vector1D0
                0x080003da                Vector2DC
                0x080003da                VectorF0
                0x080003da                Vector210
                0x080003da                Vector2BC
                0x080003da                Vector13C
                0x080003da                Vector280
                0x080003da                Vector100
                0x080003da                VectorF4
                0x080003da                Vector2B4
                0x080003da                Vector2C8
                0x080003da                MemManage_Handler
                0x080003da                Vector238
                0x080003da                VectorA0
                0x080003da                VectorC4
                0x080003da                Vector180
                0x080003da                Vector288
                0x080003da                Vector208
                0x080003da                Vector90
                0x080003da                Vector294
                0x080003da                Vector114
                0x080003da                Vector164
                0x080003da                Vector1BC
                0x080003da                Vector1D4
                0x080003da                Vector17C
                0x080003da                Vector48
                0x080003da                Vector240
                0x080003da                Vector1A8
                0x080003da                Vector16C
                0x080003da                Vector228
                0x080003da                Vector2D4
                0x080003da                Vector278
                0x080003da                Vector4C
                0x080003da                Vector144
                0x080003da                Vector15C
                0x080003da                Vector230
                0x080003da                Vector290
                0x080003da                Vector1E8
                0x080003da                Vector18C
                0x080003da                VectorE8
                0x080003da                Vector170
                0x080003da                Vector220
                0x080003da                Vector298
                0x080003da                Vector88
                0x080003da                Vector29C
                0x080003da                Vector104
                0x080003da                Vector184
                0x080003da                Vector10C
                0x080003da                Vector21C
                0x080003da                Vector268
                0x080003da                Vector14C
                0x080003da                BusFault_Handler
                0x080003da                Vector50
                0x080003da                Vector1C8
                0x080003da                Vector194
                0x080003da                Vector1DC
                0x080003da                Vector44
                0x080003da                Vector28
                0x080003da                VectorB8
                0x080003da                Vector2A4
                0x080003da                Vector34
                0x080003da                Vector248
                0x080003da                VectorA4
                0x080003da                Vector25C
                0x080003da                Vector20
                0x080003de                _unhandled_exception
 .text          0x080003e0       0x2a ./build/obj/chcoreasm.o
                0x080003e0                __port_switch
                0x080003f0                __port_thread_start
                0x08000402                __port_switch_from_isr
                0x08000406                __port_exit_from_isr
 *fill*         0x0800040a       0x16 
 .text          0x08000420      0x2e0 /Applications/ArmGNUToolchain/13.3.rel1/arm-none-eabi/bin/../lib/gcc/arm-none-eabi/13.3.1/../../../../arm-none-eabi/lib/thumb/v7e-m/nofp/libg.a(libc_a-strcmp.o)
                0x08000420                strcmp
 .text          0x08000700      0x134 /Applications/ArmGNUToolchain/13.3.rel1/arm-none-eabi/bin/../lib/gcc/arm-none-eabi/13.3.1/../../../../arm-none-eabi/lib/thumb/v7e-m/nofp/libg.a(libc_a-memcpy.o)
                0x08000700                memcpy
 *fill*         0x08000834        0xc 
 .text          0x08000840       0xd8 /Applications/ArmGNUToolchain/13.3.rel1/arm-none-eabi/bin/../lib/gcc/arm-none-eabi/13.3.1/../../../../arm-none-eabi/lib/thumb/v7e-m/nofp/libg.a(libc_a-strlen.o)
                0x08000840                strlen
 *(.text.*)
 *fill*         0x08000918        0x8 
 .text.sduRequestsHook
                0x08000920       0x40 /var/folders/t2/7bcnkrz10_lcdd2nm4q03l7w0000gn/T//cc3aPdxu.ltrans0.ltrans.o
 .text.sduInterruptTransmitted
                0x08000960        0x4 /var/folders/t2/7bcnkrz10_lcdd2nm4q03l7w0000gn/T//cc3aPdxu.ltrans0.ltrans.o
 *fill*         0x08000964        0xc 
 .text.usb_lld_start_out
                0x08000970       0x88 /var/folders/t2/7bcnkrz10_lcdd2nm4q03l7w0000gn/T//cc3aPdxu.ltrans0.ltrans.o
 *fill*         0x080009f8        0x8 
 .text.usb_lld_start_in
                0x08000a00       0xa4 /var/folders/t2/7bcnkrz10_lcdd2nm4q03l7w0000gn/T//cc3aPdxu.ltrans0.ltrans.o
 *fill*         0x08000aa4        0xc 
 .text.__idle_thread
                0x08000ab0        0x4 /var/folders/t2/7bcnkrz10_lcdd2nm4q03l7w0000gn/T//cc3aPdxu.ltrans0.ltrans.o
 *fill*         0x08000ab4        0xc 
 .text.chThdCreateSuspendedI
                0x08000ac0       0x84 /var/folders/t2/7bcnkrz10_lcdd2nm4q03l7w0000gn/T//cc3aPdxu.ltrans0.ltrans.o
 *fill*         0x08000b44        0xc 
 .text.chTMStartMeasurementX
                0x08000b50        0xc /var/folders/t2/7bcnkrz10_lcdd2nm4q03l7w0000gn/T//cc3aPdxu.ltrans0.ltrans.o
 *fill*         0x08000b5c        0x4 
 .text.chTMStopMeasurementX
                0x08000b60       0x44 /var/folders/t2/7bcnkrz10_lcdd2nm4q03l7w0000gn/T//cc3aPdxu.ltrans0.ltrans.o
 *fill*         0x08000ba4        0xc 
 .text.chCoreAllocAlignedI
                0x08000bb0       0x20 /var/folders/t2/7bcnkrz10_lcdd2nm4q03l7w0000gn/T//cc3aPdxu.ltrans0.ltrans.o
 .text.__port_irq_epilogue
                0x08000bd0       0x4c /var/folders/t2/7bcnkrz10_lcdd2nm4q03l7w0000gn/T//cc3aPdxu.ltrans0.ltrans.o
 *fill*         0x08000c1c        0x4 
 .text.get_descriptor
                0x08000c20       0x34 /var/folders/t2/7bcnkrz10_lcdd2nm4q03l7w0000gn/T//cc3aPdxu.ltrans0.ltrans.o
 *fill*         0x08000c54        0xc 
 .text.cmd_blink
                0x08000c60       0x10 /var/folders/t2/7bcnkrz10_lcdd2nm4q03l7w0000gn/T//cc3aPdxu.ltrans0.ltrans.o
 .text.otg_epout_handler.constprop.0
                0x08000c70       0x9c /var/folders/t2/7bcnkrz10_lcdd2nm4q03l7w0000gn/T//cc3aPdxu.ltrans0.ltrans.o
 *fill*         0x08000d0c        0x4 
 .text.trace_next.constprop.0
                0x08000d10       0x3c /var/folders/t2/7bcnkrz10_lcdd2nm4q03l7w0000gn/T//cc3aPdxu.ltrans0.ltrans.o
 *fill*         0x08000d4c        0x4 
 .text.chSysHalt
                0x08000d50       0x34 /var/folders/t2/7bcnkrz10_lcdd2nm4q03l7w0000gn/T//cc3aPdxu.ltrans0.ltrans.o
 *fill*         0x08000d84        0xc 
 .text._ctl     0x08000d90       0x14 /var/folders/t2/7bcnkrz10_lcdd2nm4q03l7w0000gn/T//cc3aPdxu.ltrans0.ltrans.o
 *fill*         0x08000da4        0xc 
 .text.otg_disable_ep.isra.0
                0x08000db0       0x58 /var/folders/t2/7bcnkrz10_lcdd2nm4q03l7w0000gn/T//cc3aPdxu.ltrans0.ltrans.o
 *fill*         0x08000e08        0x8 
 .text.ibqReleaseEmptyBufferS
                0x08000e10       0x38 /var/folders/t2/7bcnkrz10_lcdd2nm4q03l7w0000gn/T//cc3aPdxu.ltrans0.ltrans.o
 *fill*         0x08000e48        0x8 
 .text.obqPostFullBufferS
                0x08000e50       0x3c /var/folders/t2/7bcnkrz10_lcdd2nm4q03l7w0000gn/T//cc3aPdxu.ltrans0.ltrans.o
 *fill*         0x08000e8c        0x4 
 .text.chSysUnlock.lto_priv.1
                0x08000e90       0x2c /var/folders/t2/7bcnkrz10_lcdd2nm4q03l7w0000gn/T//cc3aPdxu.ltrans0.ltrans.o
 *fill*         0x08000ebc        0x4 
 .text.sdu_start_receive.isra.0
                0x08000ec0       0x64 /var/folders/t2/7bcnkrz10_lcdd2nm4q03l7w0000gn/T//cc3aPdxu.ltrans0.ltrans.o
 *fill*         0x08000f24        0xc 
 .text.ibnotify
                0x08000f30       0x64 /var/folders/t2/7bcnkrz10_lcdd2nm4q03l7w0000gn/T//cc3aPdxu.ltrans0.ltrans.o
 *fill*         0x08000f94        0xc 
 .text.obnotify
                0x08000fa0       0x6c /var/folders/t2/7bcnkrz10_lcdd2nm4q03l7w0000gn/T//cc3aPdxu.ltrans0.ltrans.o
 *fill*         0x0800100c        0x4 
 .text._usb_ep0in
                0x08001010       0xf0 /var/folders/t2/7bcnkrz10_lcdd2nm4q03l7w0000gn/T//cc3aPdxu.ltrans0.ltrans.o
 .text._usb_ep0out
                0x08001100       0x9c /var/folders/t2/7bcnkrz10_lcdd2nm4q03l7w0000gn/T//cc3aPdxu.ltrans0.ltrans.o
 *fill*         0x0800119c        0x4 
 .text.vt_set_alarm
                0x080011a0       0x5c /var/folders/t2/7bcnkrz10_lcdd2nm4q03l7w0000gn/T//cc3aPdxu.ltrans0.ltrans.o
 *fill*         0x080011fc        0x4 
 .text.__sch_ready_ahead
                0x08001200       0x60 /var/folders/t2/7bcnkrz10_lcdd2nm4q03l7w0000gn/T//cc3aPdxu.ltrans0.ltrans.o
 .text.chCoreAllocFromTop
                0x08001260       0x58 /var/folders/t2/7bcnkrz10_lcdd2nm4q03l7w0000gn/T//cc3aPdxu.ltrans0.ltrans.o
 *fill*         0x080012b8        0x8 
 .text.sof_handler
                0x080012c0       0xa8 /var/folders/t2/7bcnkrz10_lcdd2nm4q03l7w0000gn/T//cc3aPdxu.ltrans0.ltrans.o
 *fill*         0x08001368        0x8 
 .text.otg_epin_handler.constprop.0
                0x08001370      0x118 /var/folders/t2/7bcnkrz10_lcdd2nm4q03l7w0000gn/T//cc3aPdxu.ltrans0.ltrans.o
 *fill*         0x08001488        0x8 
 .text.vt_insert_first.constprop.0
                0x08001490       0x7c /var/folders/t2/7bcnkrz10_lcdd2nm4q03l7w0000gn/T//cc3aPdxu.ltrans0.ltrans.o
 *fill*         0x0800150c        0x4 
 .text.__sch_ready_behind.isra.0
                0x08001510       0x5c /var/folders/t2/7bcnkrz10_lcdd2nm4q03l7w0000gn/T//cc3aPdxu.ltrans0.ltrans.o
 *fill*         0x0800156c        0x4 
 .text.__sch_wakeup
                0x08001570       0x50 /var/folders/t2/7bcnkrz10_lcdd2nm4q03l7w0000gn/T//cc3aPdxu.ltrans0.ltrans.o
 .text.chEvtBroadcastFlagsI
                0x080015c0       0x6c /var/folders/t2/7bcnkrz10_lcdd2nm4q03l7w0000gn/T//cc3aPdxu.ltrans0.ltrans.o
 *fill*         0x0800162c        0x4 
 .text.sduDataTransmitted
                0x08001630      0x104 /var/folders/t2/7bcnkrz10_lcdd2nm4q03l7w0000gn/T//cc3aPdxu.ltrans0.ltrans.o
 *fill*         0x08001734        0xc 
 .text.sduDataReceived
                0x08001740       0x98 /var/folders/t2/7bcnkrz10_lcdd2nm4q03l7w0000gn/T//cc3aPdxu.ltrans0.ltrans.o
 *fill*         0x080017d8        0x8 
 .text.chThdDequeueAllI.constprop.0
                0x080017e0       0x74 /var/folders/t2/7bcnkrz10_lcdd2nm4q03l7w0000gn/T//cc3aPdxu.ltrans0.ltrans.o
 *fill*         0x08001854        0xc 
 .text._usb_ep0setup
                0x08001860      0x3ec /var/folders/t2/7bcnkrz10_lcdd2nm4q03l7w0000gn/T//cc3aPdxu.ltrans0.ltrans.o
 *fill*         0x08001c4c        0x4 
 .text.usbInitEndpointI
                0x08001c50      0x18c /var/folders/t2/7bcnkrz10_lcdd2nm4q03l7w0000gn/T//cc3aPdxu.ltrans0.ltrans.o
 *fill*         0x08001ddc        0x4 
 .text.usb_event
                0x08001de0       0xe0 /var/folders/t2/7bcnkrz10_lcdd2nm4q03l7w0000gn/T//cc3aPdxu.ltrans0.ltrans.o
 .text.get_history
                0x08001ec0       0xf0 /var/folders/t2/7bcnkrz10_lcdd2nm4q03l7w0000gn/T//cc3aPdxu.ltrans0.ltrans.o
 .text.chSchGoSleepS
                0x08001fb0       0x7c /var/folders/t2/7bcnkrz10_lcdd2nm4q03l7w0000gn/T//cc3aPdxu.ltrans0.ltrans.o
 *fill*         0x0800202c        0x4 
 .text.chSchGoSleepTimeoutS
                0x08002030      0x104 /var/folders/t2/7bcnkrz10_lcdd2nm4q03l7w0000gn/T//cc3aPdxu.ltrans0.ltrans.o
 *fill*         0x08002134        0xc 
 .text.obqGetEmptyBufferTimeoutS
                0x08002140       0x68 /var/folders/t2/7bcnkrz10_lcdd2nm4q03l7w0000gn/T//cc3aPdxu.ltrans0.ltrans.o
 *fill*         0x080021a8        0x8 
 .text.obqWriteTimeout
                0x080021b0      0x100 /var/folders/t2/7bcnkrz10_lcdd2nm4q03l7w0000gn/T//cc3aPdxu.ltrans0.ltrans.o
 .text._write   0x080022b0        0xc /var/folders/t2/7bcnkrz10_lcdd2nm4q03l7w0000gn/T//cc3aPdxu.ltrans0.ltrans.o
 *fill*         0x080022bc        0x4 
 .text._writet  0x080022c0        0x8 /var/folders/t2/7bcnkrz10_lcdd2nm4q03l7w0000gn/T//cc3aPdxu.ltrans0.ltrans.o
 *fill*         0x080022c8        0x8 
 .text._put     0x080022d0       0x84 /var/folders/t2/7bcnkrz10_lcdd2nm4q03l7w0000gn/T//cc3aPdxu.ltrans0.ltrans.o
 *fill*         0x08002354        0xc 
 .text._putt    0x08002360       0x80 /var/folders/t2/7bcnkrz10_lcdd2nm4q03l7w0000gn/T//cc3aPdxu.ltrans0.ltrans.o
 .text.ibqGetFullBufferTimeoutS
                0x080023e0       0x68 /var/folders/t2/7bcnkrz10_lcdd2nm4q03l7w0000gn/T//cc3aPdxu.ltrans0.ltrans.o
 *fill*         0x08002448        0x8 
 .text.ibqReadTimeout
                0x08002450      0x100 /var/folders/t2/7bcnkrz10_lcdd2nm4q03l7w0000gn/T//cc3aPdxu.ltrans0.ltrans.o
 .text._read    0x08002550        0xc /var/folders/t2/7bcnkrz10_lcdd2nm4q03l7w0000gn/T//cc3aPdxu.ltrans0.ltrans.o
 *fill*         0x0800255c        0x4 
 .text._readt   0x08002560        0x8 /var/folders/t2/7bcnkrz10_lcdd2nm4q03l7w0000gn/T//cc3aPdxu.ltrans0.ltrans.o
 *fill*         0x08002568        0x8 
 .text._gett    0x08002570       0x68 /var/folders/t2/7bcnkrz10_lcdd2nm4q03l7w0000gn/T//cc3aPdxu.ltrans0.ltrans.o
 *fill*         0x080025d8        0x8 
 .text._get     0x080025e0       0x6c /var/folders/t2/7bcnkrz10_lcdd2nm4q03l7w0000gn/T//cc3aPdxu.ltrans0.ltrans.o
 *fill*         0x0800264c        0x4 
 .text.Thread1  0x08002650       0x6c /var/folders/t2/7bcnkrz10_lcdd2nm4q03l7w0000gn/T//cc3aPdxu.ltrans0.ltrans.o
 *fill*         0x080026bc        0x4 
 .text.chThdExitS
                0x080026c0       0x50 /var/folders/t2/7bcnkrz10_lcdd2nm4q03l7w0000gn/T//cc3aPdxu.ltrans0.ltrans.o
 .text.chMtxLockS
                0x08002710       0xdc /var/folders/t2/7bcnkrz10_lcdd2nm4q03l7w0000gn/T//cc3aPdxu.ltrans0.ltrans.o
 *fill*         0x080027ec        0x4 
 .text.chSchWakeupS.constprop.0
                0x080027f0       0x84 /var/folders/t2/7bcnkrz10_lcdd2nm4q03l7w0000gn/T//cc3aPdxu.ltrans0.ltrans.o
 *fill*         0x08002874        0xc 
 .text.chprintf
                0x08002880      0x474 /var/folders/t2/7bcnkrz10_lcdd2nm4q03l7w0000gn/T//cc3aPdxu.ltrans0.ltrans.o
 *fill*         0x08002cf4        0xc 
 .text.cmd_exit
                0x08002d00       0x30 /var/folders/t2/7bcnkrz10_lcdd2nm4q03l7w0000gn/T//cc3aPdxu.ltrans0.ltrans.o
 .text.cmd_info
                0x08002d30       0xbc /var/folders/t2/7bcnkrz10_lcdd2nm4q03l7w0000gn/T//cc3aPdxu.ltrans0.ltrans.o
 *fill*         0x08002dec        0x4 
 .text.cmd_echo
                0x08002df0       0x20 /var/folders/t2/7bcnkrz10_lcdd2nm4q03l7w0000gn/T//cc3aPdxu.ltrans0.ltrans.o
 .text.cmd_systime
                0x08002e10       0x24 /var/folders/t2/7bcnkrz10_lcdd2nm4q03l7w0000gn/T//cc3aPdxu.ltrans0.ltrans.o
 *fill*         0x08002e34        0xc 
 .text.cmd_clock
                0x08002e40       0x3c /var/folders/t2/7bcnkrz10_lcdd2nm4q03l7w0000gn/T//cc3aPdxu.ltrans0.ltrans.o
 *fill*         0x08002e7c        0x4 
 .text.parse_arguments
                0x08002e80       0x54 /var/folders/t2/7bcnkrz10_lcdd2nm4q03l7w0000gn/T//cc3aPdxu.ltrans0.ltrans.o
 *fill*         0x08002ed4        0xc 
 .text.shellThread
                0x08002ee0      0x584 /var/folders/t2/7bcnkrz10_lcdd2nm4q03l7w0000gn/T//cc3aPdxu.ltrans0.ltrans.o
 *fill*         0x08003464        0xc 
 .text.cmd_ws2812
                0x08003470      0x138 /var/folders/t2/7bcnkrz10_lcdd2nm4q03l7w0000gn/T//cc3aPdxu.ltrans0.ltrans.o
 *fill*         0x080035a8        0x8 
 .text.__cpu_init
                0x080035b0       0x80 /var/folders/t2/7bcnkrz10_lcdd2nm4q03l7w0000gn/T//cc3aPdxu.ltrans0.ltrans.o
                0x080035b0                __cpu_init
 .text.__late_init
                0x08003630        0x4 /var/folders/t2/7bcnkrz10_lcdd2nm4q03l7w0000gn/T//cc3aPdxu.ltrans0.ltrans.o
                0x08003630                __late_init
 *fill*         0x08003634        0xc 
 .text.__default_exit
                0x08003640        0x4 /var/folders/t2/7bcnkrz10_lcdd2nm4q03l7w0000gn/T//cc3aPdxu.ltrans0.ltrans.o
                0x08003640                __default_exit
 *fill*         0x08003644        0xc 
 .text.__init_ram_areas
                0x08003650       0x54 /var/folders/t2/7bcnkrz10_lcdd2nm4q03l7w0000gn/T//cc3aPdxu.ltrans0.ltrans.o
                0x08003650                __init_ram_areas
 *fill*         0x080036a4        0xc 
 .text.Vector58
                0x080036b0       0x88 /var/folders/t2/7bcnkrz10_lcdd2nm4q03l7w0000gn/T//cc3aPdxu.ltrans0.ltrans.o
                0x080036b0                Vector58
 *fill*         0x08003738        0x8 
 .text.Vector5C
                0x08003740       0x88 /var/folders/t2/7bcnkrz10_lcdd2nm4q03l7w0000gn/T//cc3aPdxu.ltrans0.ltrans.o
                0x08003740                Vector5C
 *fill*         0x080037c8        0x8 
 .text.Vector60
                0x080037d0       0x88 /var/folders/t2/7bcnkrz10_lcdd2nm4q03l7w0000gn/T//cc3aPdxu.ltrans0.ltrans.o
                0x080037d0                Vector60
 *fill*         0x08003858        0x8 
 .text.Vector64
                0x08003860       0x88 /var/folders/t2/7bcnkrz10_lcdd2nm4q03l7w0000gn/T//cc3aPdxu.ltrans0.ltrans.o
                0x08003860                Vector64
 *fill*         0x080038e8        0x8 
 .text.Vector68
                0x080038f0       0x88 /var/folders/t2/7bcnkrz10_lcdd2nm4q03l7w0000gn/T//cc3aPdxu.ltrans0.ltrans.o
                0x080038f0                Vector68
 *fill*         0x08003978        0x8 
 .text.Vector9C
                0x08003980       0xc0 /var/folders/t2/7bcnkrz10_lcdd2nm4q03l7w0000gn/T//cc3aPdxu.ltrans0.ltrans.o
                0x08003980                Vector9C
 .text.VectorE0
                0x08003a40       0xd0 /var/folders/t2/7bcnkrz10_lcdd2nm4q03l7w0000gn/T//cc3aPdxu.ltrans0.ltrans.o
                0x08003a40                VectorE0
 .text.VectorD4
                0x08003b10       0xfc /var/folders/t2/7bcnkrz10_lcdd2nm4q03l7w0000gn/T//cc3aPdxu.ltrans0.ltrans.o
                0x08003b10                VectorD4
 *fill*         0x08003c0c        0x4 
 .text.VectorB0
                0x08003c10      0x158 /var/folders/t2/7bcnkrz10_lcdd2nm4q03l7w0000gn/T//cc3aPdxu.ltrans0.ltrans.o
                0x08003c10                VectorB0
 *fill*         0x08003d68        0x8 
 .text.Vector108
                0x08003d70       0xc0 /var/folders/t2/7bcnkrz10_lcdd2nm4q03l7w0000gn/T//cc3aPdxu.ltrans0.ltrans.o
                0x08003d70                Vector108
 .text.Vector6C
                0x08003e30       0x84 /var/folders/t2/7bcnkrz10_lcdd2nm4q03l7w0000gn/T//cc3aPdxu.ltrans0.ltrans.o
                0x08003e30                Vector6C
 *fill*         0x08003eb4        0xc 
 .text.Vector70
                0x08003ec0       0x88 /var/folders/t2/7bcnkrz10_lcdd2nm4q03l7w0000gn/T//cc3aPdxu.ltrans0.ltrans.o
                0x08003ec0                Vector70
 *fill*         0x08003f48        0x8 
 .text.Vector74
                0x08003f50       0x88 /var/folders/t2/7bcnkrz10_lcdd2nm4q03l7w0000gn/T//cc3aPdxu.ltrans0.ltrans.o
                0x08003f50                Vector74
 *fill*         0x08003fd8        0x8 
 .text.Vector78
                0x08003fe0       0x88 /var/folders/t2/7bcnkrz10_lcdd2nm4q03l7w0000gn/T//cc3aPdxu.ltrans0.ltrans.o
                0x08003fe0                Vector78
 *fill*         0x08004068        0x8 
 .text.Vector7C
                0x08004070       0x84 /var/folders/t2/7bcnkrz10_lcdd2nm4q03l7w0000gn/T//cc3aPdxu.ltrans0.ltrans.o
                0x08004070                Vector7C
 *fill*         0x080040f4        0xc 
 .text.Vector80
                0x08004100       0x88 /var/folders/t2/7bcnkrz10_lcdd2nm4q03l7w0000gn/T//cc3aPdxu.ltrans0.ltrans.o
                0x08004100                Vector80
 *fill*         0x08004188        0x8 
 .text.Vector84
                0x08004190       0x88 /var/folders/t2/7bcnkrz10_lcdd2nm4q03l7w0000gn/T//cc3aPdxu.ltrans0.ltrans.o
                0x08004190                Vector84
 *fill*         0x08004218        0x8 
 .text.VectorFC
                0x08004220       0x88 /var/folders/t2/7bcnkrz10_lcdd2nm4q03l7w0000gn/T//cc3aPdxu.ltrans0.ltrans.o
                0x08004220                VectorFC
 *fill*         0x080042a8        0x8 
 .text.Vector120
                0x080042b0       0x84 /var/folders/t2/7bcnkrz10_lcdd2nm4q03l7w0000gn/T//cc3aPdxu.ltrans0.ltrans.o
                0x080042b0                Vector120
 *fill*         0x08004334        0xc 
 .text.Vector124
                0x08004340       0x88 /var/folders/t2/7bcnkrz10_lcdd2nm4q03l7w0000gn/T//cc3aPdxu.ltrans0.ltrans.o
                0x08004340                Vector124
 *fill*         0x080043c8        0x8 
 .text.Vector128
                0x080043d0       0x88 /var/folders/t2/7bcnkrz10_lcdd2nm4q03l7w0000gn/T//cc3aPdxu.ltrans0.ltrans.o
                0x080043d0                Vector128
 *fill*         0x08004458        0x8 
 .text.Vector12C
                0x08004460       0x88 /var/folders/t2/7bcnkrz10_lcdd2nm4q03l7w0000gn/T//cc3aPdxu.ltrans0.ltrans.o
                0x08004460                Vector12C
 *fill*         0x080044e8        0x8 
 .text.Vector130
                0x080044f0       0x84 /var/folders/t2/7bcnkrz10_lcdd2nm4q03l7w0000gn/T//cc3aPdxu.ltrans0.ltrans.o
                0x080044f0                Vector130
 *fill*         0x08004574        0xc 
 .text.Vector150
                0x08004580       0x88 /var/folders/t2/7bcnkrz10_lcdd2nm4q03l7w0000gn/T//cc3aPdxu.ltrans0.ltrans.o
                0x08004580                Vector150
 *fill*         0x08004608        0x8 
 .text.Vector154
                0x08004610       0x88 /var/folders/t2/7bcnkrz10_lcdd2nm4q03l7w0000gn/T//cc3aPdxu.ltrans0.ltrans.o
                0x08004610                Vector154
 *fill*         0x08004698        0x8 
 .text.Vector158
                0x080046a0       0x88 /var/folders/t2/7bcnkrz10_lcdd2nm4q03l7w0000gn/T//cc3aPdxu.ltrans0.ltrans.o
                0x080046a0                Vector158
 *fill*         0x08004728        0x8 
 .text.Vector174
                0x08004730      0x4ec /var/folders/t2/7bcnkrz10_lcdd2nm4q03l7w0000gn/T//cc3aPdxu.ltrans0.ltrans.o
                0x08004730                Vector174
 *fill*         0x08004c1c        0x4 
 .text.__early_init
                0x08004c20      0x388 /var/folders/t2/7bcnkrz10_lcdd2nm4q03l7w0000gn/T//cc3aPdxu.ltrans0.ltrans.o
                0x08004c20                __early_init
 *fill*         0x08004fa8        0x8 
 .text.__sch_reschedule_ahead
                0x08004fb0       0x5c /var/folders/t2/7bcnkrz10_lcdd2nm4q03l7w0000gn/T//cc3aPdxu.ltrans0.ltrans.o
                0x08004fb0                chSchDoPreemption
 *fill*         0x0800500c        0x4 
 .text.chMtxUnlock
                0x08005010       0x9c /var/folders/t2/7bcnkrz10_lcdd2nm4q03l7w0000gn/T//cc3aPdxu.ltrans0.ltrans.o
 *fill*         0x080050ac        0x4 
 .text.chThdRelease.part.0
                0x080050b0      0x140 /var/folders/t2/7bcnkrz10_lcdd2nm4q03l7w0000gn/T//cc3aPdxu.ltrans0.ltrans.o
 .text.chRegNextThread
                0x080051f0       0xa8 /var/folders/t2/7bcnkrz10_lcdd2nm4q03l7w0000gn/T//cc3aPdxu.ltrans0.ltrans.o
 *fill*         0x08005298        0x8 
 .text.cmd_threads
                0x080052a0       0xc0 /var/folders/t2/7bcnkrz10_lcdd2nm4q03l7w0000gn/T//cc3aPdxu.ltrans0.ltrans.o
 .text.cmd_mem  0x08005360       0xc8 /var/folders/t2/7bcnkrz10_lcdd2nm4q03l7w0000gn/T//cc3aPdxu.ltrans0.ltrans.o
 *fill*         0x08005428        0x8 
 .text.chThdExit
                0x08005430        0xc /var/folders/t2/7bcnkrz10_lcdd2nm4q03l7w0000gn/T//cc3aPdxu.ltrans0.ltrans.o
                0x08005430                chThdExit
 *fill*         0x0800543c        0x4 
 .text.SVC_Handler
                0x08005440       0x14 /var/folders/t2/7bcnkrz10_lcdd2nm4q03l7w0000gn/T//cc3aPdxu.ltrans0.ltrans.o
                0x08005440                SVC_Handler
 *fill*         0x08005454        0xc 
 .text.startup.main
                0x08005460      0xc6c /var/folders/t2/7bcnkrz10_lcdd2nm4q03l7w0000gn/T//cc3aPdxu.ltrans0.ltrans.o
                0x08005460                main
 .text.atoi     0x080060cc        0x8 /Applications/ArmGNUToolchain/13.3.rel1/arm-none-eabi/bin/../lib/gcc/arm-none-eabi/13.3.1/../../../../arm-none-eabi/lib/thumb/v7e-m/nofp/libg.a(libc_a-atoi.o)
                0x080060cc                atoi
 .text._strtol_l.isra.0
                0x080060d4      0x138 /Applications/ArmGNUToolchain/13.3.rel1/arm-none-eabi/bin/../lib/gcc/arm-none-eabi/13.3.1/../../../../arm-none-eabi/lib/thumb/v7e-m/nofp/libg.a(libc_a-strtol.o)
 .text.strtol   0x0800620c       0x18 /Applications/ArmGNUToolchain/13.3.rel1/arm-none-eabi/bin/../lib/gcc/arm-none-eabi/13.3.1/../../../../arm-none-eabi/lib/thumb/v7e-m/nofp/libg.a(libc_a-strtol.o)
                0x0800620c                strtol
 .text.__errno  0x08006224        0xc /Applications/ArmGNUToolchain/13.3.rel1/arm-none-eabi/bin/../lib/gcc/arm-none-eabi/13.3.1/../../../../arm-none-eabi/lib/thumb/v7e-m/nofp/libg.a(libc_a-errno.o)
                0x08006224                __errno
 .text.memset   0x08006230       0xa4 /Applications/ArmGNUToolchain/13.3.rel1/arm-none-eabi/bin/../lib/gcc/arm-none-eabi/13.3.1/../../../../arm-none-eabi/lib/thumb/v7e-m/nofp/libg.a(libc_a-memset.o)
                0x08006230                memset
 .text.strchr   0x080062d4       0xd0 /Applications/ArmGNUToolchain/13.3.rel1/arm-none-eabi/bin/../lib/gcc/arm-none-eabi/13.3.1/../../../../arm-none-eabi/lib/thumb/v7e-m/nofp/libg.a(libc_a-strchr.o)
                0x080062d4                strchr
 .text.strpbrk  0x080063a4       0x38 /Applications/ArmGNUToolchain/13.3.rel1/arm-none-eabi/bin/../lib/gcc/arm-none-eabi/13.3.1/../../../../arm-none-eabi/lib/thumb/v7e-m/nofp/libg.a(libc_a-strpbrk.o)
                0x080063a4                strpbrk
 .text.strspn   0x080063dc       0x38 /Applications/ArmGNUToolchain/13.3.rel1/arm-none-eabi/bin/../lib/gcc/arm-none-eabi/13.3.1/../../../../arm-none-eabi/lib/thumb/v7e-m/nofp/libg.a(libc_a-strspn.o)
                0x080063dc                strspn
 .text.critical_factorization
                0x08006414       0xc8 /Applications/ArmGNUToolchain/13.3.rel1/arm-none-eabi/bin/../lib/gcc/arm-none-eabi/13.3.1/../../../../arm-none-eabi/lib/thumb/v7e-m/nofp/libg.a(libc_a-strstr.o)
 .text.two_way_long_needle
                0x080064dc      0x204 /Applications/ArmGNUToolchain/13.3.rel1/arm-none-eabi/bin/../lib/gcc/arm-none-eabi/13.3.1/../../../../arm-none-eabi/lib/thumb/v7e-m/nofp/libg.a(libc_a-strstr.o)
 .text.strstr   0x080066e0      0x16c /Applications/ArmGNUToolchain/13.3.rel1/arm-none-eabi/bin/../lib/gcc/arm-none-eabi/13.3.1/../../../../arm-none-eabi/lib/thumb/v7e-m/nofp/libg.a(libc_a-strstr.o)
                0x080066e0                strstr
 .text.memcmp   0x0800684c       0x5c /Applications/ArmGNUToolchain/13.3.rel1/arm-none-eabi/bin/../lib/gcc/arm-none-eabi/13.3.1/../../../../arm-none-eabi/lib/thumb/v7e-m/nofp/libg.a(libc_a-memcmp.o)
                0x0800684c                memcmp
 .text.strnlen  0x080068a8       0x24 /Applications/ArmGNUToolchain/13.3.rel1/arm-none-eabi/bin/../lib/gcc/arm-none-eabi/13.3.1/../../../../arm-none-eabi/lib/thumb/v7e-m/nofp/libg.a(libc_a-strnlen.o)
                0x080068a8                strnlen
 *(.glue_7t)
 .glue_7t       0x080068cc        0x0 linker stubs
 *(.glue_7)
 .glue_7        0x080068cc        0x0 linker stubs
 *(.gcc*)
                0x080068cc                        __text_end__ = .

.vfp11_veneer   0x080068cc        0x0
 .vfp11_veneer  0x080068cc        0x0 linker stubs

.v4_bx          0x080068cc        0x0
 .v4_bx         0x080068cc        0x0 linker stubs

.iplt           0x080068cc        0x0
 .iplt          0x080068cc        0x0 ./build/obj/crt0_v7m.o

.rodata         0x080068cc      0xe14
                0x080068cc                        __rodata_base__ = .
 *(.rodata)
 *(.rodata.*)
 .rodata.Thread1.str1.4
                0x080068cc      0x425 /var/folders/t2/7bcnkrz10_lcdd2nm4q03l7w0000gn/T//cc3aPdxu.ltrans0.ltrans.o
                                  0x8 (size before relaxing)
 .rodata.chprintf.str1.4
                0x08006cf1        0x7 /var/folders/t2/7bcnkrz10_lcdd2nm4q03l7w0000gn/T//cc3aPdxu.ltrans0.ltrans.o
 .rodata.cmd_exit.str1.4
                0x08006cf1       0x14 /var/folders/t2/7bcnkrz10_lcdd2nm4q03l7w0000gn/T//cc3aPdxu.ltrans0.ltrans.o
 .rodata.cmd_info.str1.4
                0x08006cf1      0x165 /var/folders/t2/7bcnkrz10_lcdd2nm4q03l7w0000gn/T//cc3aPdxu.ltrans0.ltrans.o
 .rodata.cmd_echo.str1.4
                0x08006cf1       0x15 /var/folders/t2/7bcnkrz10_lcdd2nm4q03l7w0000gn/T//cc3aPdxu.ltrans0.ltrans.o
 .rodata.cmd_systime.str1.4
                0x08006cf1        0xe /var/folders/t2/7bcnkrz10_lcdd2nm4q03l7w0000gn/T//cc3aPdxu.ltrans0.ltrans.o
 .rodata.cmd_clock.str1.4
                0x08006cf1       0x3b /var/folders/t2/7bcnkrz10_lcdd2nm4q03l7w0000gn/T//cc3aPdxu.ltrans0.ltrans.o
 .rodata.parse_arguments.str1.4
                0x08006cf1        0x3 /var/folders/t2/7bcnkrz10_lcdd2nm4q03l7w0000gn/T//cc3aPdxu.ltrans0.ltrans.o
 .rodata.shellThread.str1.4
                0x08006cf1       0x81 /var/folders/t2/7bcnkrz10_lcdd2nm4q03l7w0000gn/T//cc3aPdxu.ltrans0.ltrans.o
 .rodata.cmd_threads.str1.4
                0x08006cf1       0x7c /var/folders/t2/7bcnkrz10_lcdd2nm4q03l7w0000gn/T//cc3aPdxu.ltrans0.ltrans.o
 .rodata.cmd_mem.str1.4
                0x08006cf1       0x7a /var/folders/t2/7bcnkrz10_lcdd2nm4q03l7w0000gn/T//cc3aPdxu.ltrans0.ltrans.o
 .rodata.main.str1.4
                0x08006cf1        0xf /var/folders/t2/7bcnkrz10_lcdd2nm4q03l7w0000gn/T//cc3aPdxu.ltrans0.ltrans.o
 .rodata.str1.4
                0x08006cf1       0xad /var/folders/t2/7bcnkrz10_lcdd2nm4q03l7w0000gn/T//cc3aPdxu.ltrans0.ltrans.o
 *fill*         0x08006cf1        0x3 
 .rodata.commands
                0x08006cf4       0x20 /var/folders/t2/7bcnkrz10_lcdd2nm4q03l7w0000gn/T//cc3aPdxu.ltrans0.ltrans.o
 .rodata.vcom_configuration_descriptor_data
                0x08006d14       0x43 /var/folders/t2/7bcnkrz10_lcdd2nm4q03l7w0000gn/T//cc3aPdxu.ltrans0.ltrans.o
 *fill*         0x08006d57        0x1 
 .rodata.vcom_device_descriptor_data
                0x08006d58       0x12 /var/folders/t2/7bcnkrz10_lcdd2nm4q03l7w0000gn/T//cc3aPdxu.ltrans0.ltrans.o
 *fill*         0x08006d6a        0x2 
 .rodata.vcom_string3
                0x08006d6c        0x8 /var/folders/t2/7bcnkrz10_lcdd2nm4q03l7w0000gn/T//cc3aPdxu.ltrans0.ltrans.o
 .rodata.vcom_string2
                0x08006d74       0x38 /var/folders/t2/7bcnkrz10_lcdd2nm4q03l7w0000gn/T//cc3aPdxu.ltrans0.ltrans.o
 .rodata.vcom_string1
                0x08006dac       0x26 /var/folders/t2/7bcnkrz10_lcdd2nm4q03l7w0000gn/T//cc3aPdxu.ltrans0.ltrans.o
 *fill*         0x08006dd2        0x2 
 .rodata.vcom_string0
                0x08006dd4        0x4 /var/folders/t2/7bcnkrz10_lcdd2nm4q03l7w0000gn/T//cc3aPdxu.ltrans0.ltrans.o
 .rodata.__func__.3.lto_priv.6
                0x08006dd8       0x13 /var/folders/t2/7bcnkrz10_lcdd2nm4q03l7w0000gn/T//cc3aPdxu.ltrans0.ltrans.o
 *fill*         0x08006deb        0x1 
 .rodata.__func__.2.lto_priv.0
                0x08006dec        0xd /var/folders/t2/7bcnkrz10_lcdd2nm4q03l7w0000gn/T//cc3aPdxu.ltrans0.ltrans.o
 *fill*         0x08006df9        0x3 
 .rodata.__func__.1.lto_priv.5
                0x08006dfc       0x1b /var/folders/t2/7bcnkrz10_lcdd2nm4q03l7w0000gn/T//cc3aPdxu.ltrans0.ltrans.o
 *fill*         0x08006e17        0x1 
 .rodata.__func__.1.lto_priv.9
                0x08006e18        0xd /var/folders/t2/7bcnkrz10_lcdd2nm4q03l7w0000gn/T//cc3aPdxu.ltrans0.ltrans.o
 *fill*         0x08006e25        0x3 
 .rodata.hsparams
                0x08006e28        0xc /var/folders/t2/7bcnkrz10_lcdd2nm4q03l7w0000gn/T//cc3aPdxu.ltrans0.ltrans.o
 .rodata.ch_debug
                0x08006e34       0x2c /var/folders/t2/7bcnkrz10_lcdd2nm4q03l7w0000gn/T//cc3aPdxu.ltrans0.ltrans.o
 .rodata.__func__.1.lto_priv.7
                0x08006e60        0xc /var/folders/t2/7bcnkrz10_lcdd2nm4q03l7w0000gn/T//cc3aPdxu.ltrans0.ltrans.o
 .rodata.ch_core0_cfg
                0x08006e6c       0x14 /var/folders/t2/7bcnkrz10_lcdd2nm4q03l7w0000gn/T//cc3aPdxu.ltrans0.ltrans.o
 .rodata.vmt    0x08006e80       0x28 /var/folders/t2/7bcnkrz10_lcdd2nm4q03l7w0000gn/T//cc3aPdxu.ltrans0.ltrans.o
 .rodata.__func__.2.lto_priv.2
                0x08006ea8        0xc /var/folders/t2/7bcnkrz10_lcdd2nm4q03l7w0000gn/T//cc3aPdxu.ltrans0.ltrans.o
 .rodata.__func__.3.lto_priv.1
                0x08006eb4        0x9 /var/folders/t2/7bcnkrz10_lcdd2nm4q03l7w0000gn/T//cc3aPdxu.ltrans0.ltrans.o
 *fill*         0x08006ebd        0x3 
 .rodata.__func__.7.lto_priv.0
                0x08006ec0        0xc /var/folders/t2/7bcnkrz10_lcdd2nm4q03l7w0000gn/T//cc3aPdxu.ltrans0.ltrans.o
 .rodata.__func__.8.lto_priv.1
                0x08006ecc        0x9 /var/folders/t2/7bcnkrz10_lcdd2nm4q03l7w0000gn/T//cc3aPdxu.ltrans0.ltrans.o
 *fill*         0x08006ed5        0x3 
 .rodata.__func__.1.lto_priv.4
                0x08006ed8        0xc /var/folders/t2/7bcnkrz10_lcdd2nm4q03l7w0000gn/T//cc3aPdxu.ltrans0.ltrans.o
 .rodata._stm32_dma_streams
                0x08006ee4      0x100 /var/folders/t2/7bcnkrz10_lcdd2nm4q03l7w0000gn/T//cc3aPdxu.ltrans0.ltrans.o
 .rodata.__func__.1.lto_priv.6
                0x08006fe4        0xe /var/folders/t2/7bcnkrz10_lcdd2nm4q03l7w0000gn/T//cc3aPdxu.ltrans0.ltrans.o
 *fill*         0x08006ff2        0x2 
 .rodata.__func__.9.lto_priv.0
                0x08006ff4        0x9 /var/folders/t2/7bcnkrz10_lcdd2nm4q03l7w0000gn/T//cc3aPdxu.ltrans0.ltrans.o
 *fill*         0x08006ffd        0x3 
 .rodata.__func__.5.lto_priv.1
                0x08007000       0x11 /var/folders/t2/7bcnkrz10_lcdd2nm4q03l7w0000gn/T//cc3aPdxu.ltrans0.ltrans.o
 *fill*         0x08007011        0x3 
 .rodata.pwmcfg
                0x08007014       0x48 /var/folders/t2/7bcnkrz10_lcdd2nm4q03l7w0000gn/T//cc3aPdxu.ltrans0.ltrans.o
 .rodata.__func__.10.lto_priv.1
                0x0800705c       0x12 /var/folders/t2/7bcnkrz10_lcdd2nm4q03l7w0000gn/T//cc3aPdxu.ltrans0.ltrans.o
 *fill*         0x0800706e        0x2 
 .rodata.__func__.0.lto_priv.10
                0x08007070        0xc /var/folders/t2/7bcnkrz10_lcdd2nm4q03l7w0000gn/T//cc3aPdxu.ltrans0.ltrans.o
 .rodata.__func__.5.lto_priv.6
                0x0800707c        0xa /var/folders/t2/7bcnkrz10_lcdd2nm4q03l7w0000gn/T//cc3aPdxu.ltrans0.ltrans.o
 *fill*         0x08007086        0x2 
 .rodata.shell_cfg1
                0x08007088       0x14 /var/folders/t2/7bcnkrz10_lcdd2nm4q03l7w0000gn/T//cc3aPdxu.ltrans0.ltrans.o
 .rodata.usbcfg
                0x0800709c       0x10 /var/folders/t2/7bcnkrz10_lcdd2nm4q03l7w0000gn/T//cc3aPdxu.ltrans0.ltrans.o
 .rodata.serusbcfg
                0x080070ac        0x8 /var/folders/t2/7bcnkrz10_lcdd2nm4q03l7w0000gn/T//cc3aPdxu.ltrans0.ltrans.o
 .rodata.__func__.0.lto_priv.1
                0x080070b4        0xc /var/folders/t2/7bcnkrz10_lcdd2nm4q03l7w0000gn/T//cc3aPdxu.ltrans0.ltrans.o
 .rodata.ep2config
                0x080070c0       0x24 /var/folders/t2/7bcnkrz10_lcdd2nm4q03l7w0000gn/T//cc3aPdxu.ltrans0.ltrans.o
 .rodata.ep1config
                0x080070e4       0x24 /var/folders/t2/7bcnkrz10_lcdd2nm4q03l7w0000gn/T//cc3aPdxu.ltrans0.ltrans.o
 .rodata.vcom_configuration_descriptor
                0x08007108        0x8 /var/folders/t2/7bcnkrz10_lcdd2nm4q03l7w0000gn/T//cc3aPdxu.ltrans0.ltrans.o
 .rodata.vcom_device_descriptor
                0x08007110        0x8 /var/folders/t2/7bcnkrz10_lcdd2nm4q03l7w0000gn/T//cc3aPdxu.ltrans0.ltrans.o
 .rodata.vcom_strings
                0x08007118       0x20 /var/folders/t2/7bcnkrz10_lcdd2nm4q03l7w0000gn/T//cc3aPdxu.ltrans0.ltrans.o
 .rodata.states.0
                0x08007138       0x40 /var/folders/t2/7bcnkrz10_lcdd2nm4q03l7w0000gn/T//cc3aPdxu.ltrans0.ltrans.o
 .rodata.shell_local_commands
                0x08007178       0x38 /var/folders/t2/7bcnkrz10_lcdd2nm4q03l7w0000gn/T//cc3aPdxu.ltrans0.ltrans.o
 .rodata.__func__.0.lto_priv.11
                0x080071b0        0xc /var/folders/t2/7bcnkrz10_lcdd2nm4q03l7w0000gn/T//cc3aPdxu.ltrans0.ltrans.o
 .rodata.__func__.1.lto_priv.11
                0x080071bc        0xc /var/folders/t2/7bcnkrz10_lcdd2nm4q03l7w0000gn/T//cc3aPdxu.ltrans0.ltrans.o
 .rodata.__func__.2.lto_priv.8
                0x080071c8        0xb /var/folders/t2/7bcnkrz10_lcdd2nm4q03l7w0000gn/T//cc3aPdxu.ltrans0.ltrans.o
 *fill*         0x080071d3        0x1 
 .rodata.__func__.1.lto_priv.10
                0x080071d4        0xc /var/folders/t2/7bcnkrz10_lcdd2nm4q03l7w0000gn/T//cc3aPdxu.ltrans0.ltrans.o
 .rodata.__func__.7.lto_priv.3
                0x080071e0        0xd /var/folders/t2/7bcnkrz10_lcdd2nm4q03l7w0000gn/T//cc3aPdxu.ltrans0.ltrans.o
 *fill*         0x080071ed        0x3 
 .rodata.__func__.0.lto_priv.9
                0x080071f0       0x10 /var/folders/t2/7bcnkrz10_lcdd2nm4q03l7w0000gn/T//cc3aPdxu.ltrans0.ltrans.o
 .rodata.__func__.0.lto_priv.13
                0x08007200        0xc /var/folders/t2/7bcnkrz10_lcdd2nm4q03l7w0000gn/T//cc3aPdxu.ltrans0.ltrans.o
 .rodata.__func__.3.lto_priv.7
                0x0800720c        0xc /var/folders/t2/7bcnkrz10_lcdd2nm4q03l7w0000gn/T//cc3aPdxu.ltrans0.ltrans.o
 .rodata.__func__.0.lto_priv.12
                0x08007218        0xb /var/folders/t2/7bcnkrz10_lcdd2nm4q03l7w0000gn/T//cc3aPdxu.ltrans0.ltrans.o
 *fill*         0x08007223        0x1 
 .rodata.__func__.12.lto_priv.1
                0x08007224        0xc /var/folders/t2/7bcnkrz10_lcdd2nm4q03l7w0000gn/T//cc3aPdxu.ltrans0.ltrans.o
 .rodata.__func__.6.lto_priv.3
                0x08007230        0xb /var/folders/t2/7bcnkrz10_lcdd2nm4q03l7w0000gn/T//cc3aPdxu.ltrans0.ltrans.o
 *fill*         0x0800723b        0x1 
 .rodata.__func__.0.lto_priv.5
                0x0800723c       0x14 /var/folders/t2/7bcnkrz10_lcdd2nm4q03l7w0000gn/T//cc3aPdxu.ltrans0.ltrans.o
 .rodata.__func__.2.lto_priv.7
                0x08007250        0xe /var/folders/t2/7bcnkrz10_lcdd2nm4q03l7w0000gn/T//cc3aPdxu.ltrans0.ltrans.o
 *fill*         0x0800725e        0x2 
 .rodata.__func__.0.lto_priv.6
                0x08007260       0x12 /var/folders/t2/7bcnkrz10_lcdd2nm4q03l7w0000gn/T//cc3aPdxu.ltrans0.ltrans.o
 *fill*         0x08007272        0x2 
 .rodata.__func__.1.lto_priv.0
                0x08007274        0xb /var/folders/t2/7bcnkrz10_lcdd2nm4q03l7w0000gn/T//cc3aPdxu.ltrans0.ltrans.o
 *fill*         0x0800727f        0x1 
 .rodata.ep0config
                0x08007280       0x24 /var/folders/t2/7bcnkrz10_lcdd2nm4q03l7w0000gn/T//cc3aPdxu.ltrans0.ltrans.o
 .rodata.__func__.2.lto_priv.6
                0x080072a4        0xa /var/folders/t2/7bcnkrz10_lcdd2nm4q03l7w0000gn/T//cc3aPdxu.ltrans0.ltrans.o
 *fill*         0x080072ae        0x2 
 .rodata.__func__.2.lto_priv.5
                0x080072b0        0xa /var/folders/t2/7bcnkrz10_lcdd2nm4q03l7w0000gn/T//cc3aPdxu.ltrans0.ltrans.o
 *fill*         0x080072ba        0x2 
 .rodata.__func__.3.lto_priv.4
                0x080072bc        0xa /var/folders/t2/7bcnkrz10_lcdd2nm4q03l7w0000gn/T//cc3aPdxu.ltrans0.ltrans.o
 *fill*         0x080072c6        0x2 
 .rodata.__func__.4.lto_priv.4
                0x080072c8        0xa /var/folders/t2/7bcnkrz10_lcdd2nm4q03l7w0000gn/T//cc3aPdxu.ltrans0.ltrans.o
 *fill*         0x080072d2        0x2 
 .rodata.__func__.5.lto_priv.5
                0x080072d4        0xa /var/folders/t2/7bcnkrz10_lcdd2nm4q03l7w0000gn/T//cc3aPdxu.ltrans0.ltrans.o
 *fill*         0x080072de        0x2 
 .rodata.__func__.6.lto_priv.2
                0x080072e0        0xa /var/folders/t2/7bcnkrz10_lcdd2nm4q03l7w0000gn/T//cc3aPdxu.ltrans0.ltrans.o
 *fill*         0x080072ea        0x2 
 .rodata.__func__.7.lto_priv.2
                0x080072ec        0xa /var/folders/t2/7bcnkrz10_lcdd2nm4q03l7w0000gn/T//cc3aPdxu.ltrans0.ltrans.o
 *fill*         0x080072f6        0x2 
 .rodata.__func__.8.lto_priv.3
                0x080072f8        0xa /var/folders/t2/7bcnkrz10_lcdd2nm4q03l7w0000gn/T//cc3aPdxu.ltrans0.ltrans.o
 *fill*         0x08007302        0x2 
 .rodata.__func__.9.lto_priv.2
                0x08007304        0xa /var/folders/t2/7bcnkrz10_lcdd2nm4q03l7w0000gn/T//cc3aPdxu.ltrans0.ltrans.o
 *fill*         0x0800730e        0x2 
 .rodata.__func__.10.lto_priv.0
                0x08007310        0x9 /var/folders/t2/7bcnkrz10_lcdd2nm4q03l7w0000gn/T//cc3aPdxu.ltrans0.ltrans.o
 *fill*         0x08007319        0x3 
 .rodata.__func__.11
                0x0800731c        0x9 /var/folders/t2/7bcnkrz10_lcdd2nm4q03l7w0000gn/T//cc3aPdxu.ltrans0.ltrans.o
 *fill*         0x08007325        0x3 
 .rodata.__func__.12.lto_priv.0
                0x08007328        0x9 /var/folders/t2/7bcnkrz10_lcdd2nm4q03l7w0000gn/T//cc3aPdxu.ltrans0.ltrans.o
 *fill*         0x08007331        0x3 
 .rodata.__func__.13
                0x08007334        0x9 /var/folders/t2/7bcnkrz10_lcdd2nm4q03l7w0000gn/T//cc3aPdxu.ltrans0.ltrans.o
 *fill*         0x0800733d        0x3 
 .rodata.__func__.14
                0x08007340        0x9 /var/folders/t2/7bcnkrz10_lcdd2nm4q03l7w0000gn/T//cc3aPdxu.ltrans0.ltrans.o
 *fill*         0x08007349        0x3 
 .rodata.__func__.15
                0x0800734c        0x9 /var/folders/t2/7bcnkrz10_lcdd2nm4q03l7w0000gn/T//cc3aPdxu.ltrans0.ltrans.o
 *fill*         0x08007355        0x3 
 .rodata.__func__.16
                0x08007358        0x9 /var/folders/t2/7bcnkrz10_lcdd2nm4q03l7w0000gn/T//cc3aPdxu.ltrans0.ltrans.o
 *fill*         0x08007361        0x3 
 .rodata.__func__.17
                0x08007364        0x9 /var/folders/t2/7bcnkrz10_lcdd2nm4q03l7w0000gn/T//cc3aPdxu.ltrans0.ltrans.o
 *fill*         0x0800736d        0x3 
 .rodata.__func__.0.lto_priv.3
                0x08007370        0xa /var/folders/t2/7bcnkrz10_lcdd2nm4q03l7w0000gn/T//cc3aPdxu.ltrans0.ltrans.o
 *fill*         0x0800737a        0x2 
 .rodata.__func__.4.lto_priv.5
                0x0800737c       0x10 /var/folders/t2/7bcnkrz10_lcdd2nm4q03l7w0000gn/T//cc3aPdxu.ltrans0.ltrans.o
 .rodata.__func__.1.lto_priv.8
                0x0800738c        0xc /var/folders/t2/7bcnkrz10_lcdd2nm4q03l7w0000gn/T//cc3aPdxu.ltrans0.ltrans.o
 .rodata.__func__.1.lto_priv.3
                0x08007398        0x9 /var/folders/t2/7bcnkrz10_lcdd2nm4q03l7w0000gn/T//cc3aPdxu.ltrans0.ltrans.o
 *fill*         0x080073a1        0x3 
 .rodata.__func__.2.lto_priv.4
                0x080073a4        0x9 /var/folders/t2/7bcnkrz10_lcdd2nm4q03l7w0000gn/T//cc3aPdxu.ltrans0.ltrans.o
 *fill*         0x080073ad        0x3 
 .rodata.__func__.3.lto_priv.3
                0x080073b0        0x9 /var/folders/t2/7bcnkrz10_lcdd2nm4q03l7w0000gn/T//cc3aPdxu.ltrans0.ltrans.o
 *fill*         0x080073b9        0x3 
 .rodata.__func__.4.lto_priv.3
                0x080073bc        0x9 /var/folders/t2/7bcnkrz10_lcdd2nm4q03l7w0000gn/T//cc3aPdxu.ltrans0.ltrans.o
 *fill*         0x080073c5        0x3 
 .rodata.__func__.5.lto_priv.4
                0x080073c8        0x9 /var/folders/t2/7bcnkrz10_lcdd2nm4q03l7w0000gn/T//cc3aPdxu.ltrans0.ltrans.o
 *fill*         0x080073d1        0x3 
 .rodata.__func__.6.lto_priv.1
                0x080073d4        0x9 /var/folders/t2/7bcnkrz10_lcdd2nm4q03l7w0000gn/T//cc3aPdxu.ltrans0.ltrans.o
 *fill*         0x080073dd        0x3 
 .rodata.__func__.7.lto_priv.1
                0x080073e0        0x9 /var/folders/t2/7bcnkrz10_lcdd2nm4q03l7w0000gn/T//cc3aPdxu.ltrans0.ltrans.o
 *fill*         0x080073e9        0x3 
 .rodata.__func__.8.lto_priv.2
                0x080073ec        0x9 /var/folders/t2/7bcnkrz10_lcdd2nm4q03l7w0000gn/T//cc3aPdxu.ltrans0.ltrans.o
 *fill*         0x080073f5        0x3 
 .rodata.__func__.9.lto_priv.1
                0x080073f8        0x9 /var/folders/t2/7bcnkrz10_lcdd2nm4q03l7w0000gn/T//cc3aPdxu.ltrans0.ltrans.o
 *fill*         0x08007401        0x3 
 .rodata.__func__.0.lto_priv.2
                0x08007404        0xc /var/folders/t2/7bcnkrz10_lcdd2nm4q03l7w0000gn/T//cc3aPdxu.ltrans0.ltrans.o
 .rodata.__func__.1.lto_priv.2
                0x08007410        0xb /var/folders/t2/7bcnkrz10_lcdd2nm4q03l7w0000gn/T//cc3aPdxu.ltrans0.ltrans.o
 *fill*         0x0800741b        0x1 
 .rodata.__func__.4.lto_priv.2
                0x0800741c       0x15 /var/folders/t2/7bcnkrz10_lcdd2nm4q03l7w0000gn/T//cc3aPdxu.ltrans0.ltrans.o
 *fill*         0x08007431        0x3 
 .rodata.active_status
                0x08007434        0x2 /var/folders/t2/7bcnkrz10_lcdd2nm4q03l7w0000gn/T//cc3aPdxu.ltrans0.ltrans.o
 *fill*         0x08007436        0x2 
 .rodata.halted_status
                0x08007438        0x2 /var/folders/t2/7bcnkrz10_lcdd2nm4q03l7w0000gn/T//cc3aPdxu.ltrans0.ltrans.o
 *fill*         0x0800743a        0x2 
 .rodata.zero_status
                0x0800743c        0x2 /var/folders/t2/7bcnkrz10_lcdd2nm4q03l7w0000gn/T//cc3aPdxu.ltrans0.ltrans.o
 *fill*         0x0800743e        0x2 
 .rodata.__func__.0.lto_priv.4
                0x08007440        0xe /var/folders/t2/7bcnkrz10_lcdd2nm4q03l7w0000gn/T//cc3aPdxu.ltrans0.ltrans.o
 *fill*         0x0800744e        0x2 
 .rodata.__func__.5.lto_priv.3
                0x08007450       0x11 /var/folders/t2/7bcnkrz10_lcdd2nm4q03l7w0000gn/T//cc3aPdxu.ltrans0.ltrans.o
 *fill*         0x08007461        0x3 
 .rodata.__func__.6.lto_priv.0
                0x08007464       0x13 /var/folders/t2/7bcnkrz10_lcdd2nm4q03l7w0000gn/T//cc3aPdxu.ltrans0.ltrans.o
 *fill*         0x08007477        0x1 
 .rodata.__func__.0.lto_priv.8
                0x08007478       0x14 /var/folders/t2/7bcnkrz10_lcdd2nm4q03l7w0000gn/T//cc3aPdxu.ltrans0.ltrans.o
 .rodata.__func__.2.lto_priv.1
                0x0800748c       0x17 /var/folders/t2/7bcnkrz10_lcdd2nm4q03l7w0000gn/T//cc3aPdxu.ltrans0.ltrans.o
 *fill*         0x080074a3        0x1 
 .rodata.__func__.2.lto_priv.3
                0x080074a4       0x12 /var/folders/t2/7bcnkrz10_lcdd2nm4q03l7w0000gn/T//cc3aPdxu.ltrans0.ltrans.o
 *fill*         0x080074b6        0x2 
 .rodata.__func__.5.lto_priv.2
                0x080074b8        0x9 /var/folders/t2/7bcnkrz10_lcdd2nm4q03l7w0000gn/T//cc3aPdxu.ltrans0.ltrans.o
 *fill*         0x080074c1        0x3 
 .rodata.__func__.3.lto_priv.2
                0x080074c4       0x11 /var/folders/t2/7bcnkrz10_lcdd2nm4q03l7w0000gn/T//cc3aPdxu.ltrans0.ltrans.o
 *fill*         0x080074d5        0x3 
 .rodata.__func__.4.lto_priv.1
                0x080074d8        0x5 /var/folders/t2/7bcnkrz10_lcdd2nm4q03l7w0000gn/T//cc3aPdxu.ltrans0.ltrans.o
 *fill*         0x080074dd        0x3 
 .rodata.__func__.8.lto_priv.0
                0x080074e0        0xc /var/folders/t2/7bcnkrz10_lcdd2nm4q03l7w0000gn/T//cc3aPdxu.ltrans0.ltrans.o
 .rodata.__func__.0.lto_priv.0
                0x080074ec       0x13 /var/folders/t2/7bcnkrz10_lcdd2nm4q03l7w0000gn/T//cc3aPdxu.ltrans0.ltrans.o
 *fill*         0x080074ff        0x1 
 .rodata.__func__.1.lto_priv.1
                0x08007500       0x1a /var/folders/t2/7bcnkrz10_lcdd2nm4q03l7w0000gn/T//cc3aPdxu.ltrans0.ltrans.o
 *fill*         0x0800751a        0x2 
 .rodata.__func__.5.lto_priv.0
                0x0800751c        0xc /var/folders/t2/7bcnkrz10_lcdd2nm4q03l7w0000gn/T//cc3aPdxu.ltrans0.ltrans.o
 .rodata.__func__.3.lto_priv.0
                0x08007528       0x17 /var/folders/t2/7bcnkrz10_lcdd2nm4q03l7w0000gn/T//cc3aPdxu.ltrans0.ltrans.o
 *fill*         0x0800753f        0x1 
 .rodata.__func__.4.lto_priv.0
                0x08007540       0x19 /var/folders/t2/7bcnkrz10_lcdd2nm4q03l7w0000gn/T//cc3aPdxu.ltrans0.ltrans.o
 *fill*         0x08007559        0x3 
 .rodata.ram_areas
                0x0800755c       0x80 /var/folders/t2/7bcnkrz10_lcdd2nm4q03l7w0000gn/T//cc3aPdxu.ltrans0.ltrans.o
 .rodata._ctype_
                0x080075dc      0x101 /Applications/ArmGNUToolchain/13.3.rel1/arm-none-eabi/bin/../lib/gcc/arm-none-eabi/13.3.1/../../../../arm-none-eabi/lib/thumb/v7e-m/nofp/libg.a(libc_a-ctype_.o)
                0x080075dc                _ctype_
                0x080076e0                        . = ALIGN (0x4)
 *fill*         0x080076dd        0x3 
                0x080076e0                        __rodata_end__ = .

.ARM.extab
 *(.ARM.extab* .gnu.linkonce.armextab.*)

.ARM.exidx      0x080076e0        0x8
                0x080076e0                        __exidx_base__ = .
                0x080076e0                        __exidx_start = .
 *(.ARM.exidx* .gnu.linkonce.armexidx.*)
 .ARM.exidx     0x080076e0        0x8 /Applications/ArmGNUToolchain/13.3.rel1/arm-none-eabi/bin/../lib/gcc/arm-none-eabi/13.3.1/../../../../arm-none-eabi/lib/thumb/v7e-m/nofp/libg.a(libc_a-strcmp.o)
 .ARM.exidx     0x080076e8        0x0 /Applications/ArmGNUToolchain/13.3.rel1/arm-none-eabi/bin/../lib/gcc/arm-none-eabi/13.3.1/../../../../arm-none-eabi/lib/thumb/v7e-m/nofp/libg.a(libc_a-memcpy.o)
                                  0x8 (size before relaxing)
 .ARM.exidx     0x080076e8        0x0 /Applications/ArmGNUToolchain/13.3.rel1/arm-none-eabi/bin/../lib/gcc/arm-none-eabi/13.3.1/../../../../arm-none-eabi/lib/thumb/v7e-m/nofp/libg.a(libc_a-strlen.o)
                                  0x8 (size before relaxing)
                0x080076e8                        __exidx_end__ = .
                0x080076e8                        __exidx_end = .

.rel.dyn        0x080076e8        0x0
 .rel.iplt      0x080076e8        0x0 ./build/obj/crt0_v7m.o

.eh_frame_hdr
 *(.eh_frame_hdr)

.eh_frame
 *(.eh_frame)

.data           0x24000000      0x150 load address 0x080076e8
                [!provide]                        PROVIDE (_textdata = LOADADDR (.data))
                [!provide]                        PROVIDE (_data = .)
                0x080076e8                        __textdata_base__ = LOADADDR (.data)
                0x24000000                        __data_base__ = .
 *(.data)
 *(.data.*)
 .data.blink    0x24000000        0x1 /var/folders/t2/7bcnkrz10_lcdd2nm4q03l7w0000gn/T//cc3aPdxu.ltrans0.ltrans.o
 *fill*         0x24000001        0x3 
 .data.linecoding
                0x24000004        0x7 /var/folders/t2/7bcnkrz10_lcdd2nm4q03l7w0000gn/T//cc3aPdxu.ltrans0.ltrans.o
 *fill*         0x2400000b        0x1 
 .data._impure_ptr
                0x2400000c        0x4 /Applications/ArmGNUToolchain/13.3.rel1/arm-none-eabi/bin/../lib/gcc/arm-none-eabi/13.3.1/../../../../arm-none-eabi/lib/thumb/v7e-m/nofp/libg.a(libc_a-impure.o)
                0x2400000c                _impure_ptr
 .data._impure_data
                0x24000010      0x140 /Applications/ArmGNUToolchain/13.3.rel1/arm-none-eabi/bin/../lib/gcc/arm-none-eabi/13.3.1/../../../../arm-none-eabi/lib/thumb/v7e-m/nofp/libg.a(libc_a-impure.o)
                0x24000010                _impure_data
 *(.ramtext)
                0x24000150                        . = ALIGN (0x4)
                [!provide]                        PROVIDE (_edata = .)
                0x24000150                        __data_end__ = .

.igot.plt       0x24000150        0x0 load address 0x08007838
 .igot.plt      0x24000150        0x0 ./build/obj/crt0_v7m.o

.ram_d2_sram1   0x24000150     0x60cc load address 0x08007838
 .ram_d2_sram1  0x24000150     0x60cc /var/folders/t2/7bcnkrz10_lcdd2nm4q03l7w0000gn/T//cc3aPdxu.ltrans0.ltrans.o

.bss            0x24006220     0x15c8 load address 0x0800d904
                0x24006220                        __bss_base__ = .
 *(.bss)
 *(.bss.*)
 .bss.ch_c0_idle_thread_wa
                0x24006220      0x130 /var/folders/t2/7bcnkrz10_lcdd2nm4q03l7w0000gn/T//cc3aPdxu.ltrans0.ltrans.o
 .bss.shell_completions
                0x24006350       0x20 /var/folders/t2/7bcnkrz10_lcdd2nm4q03l7w0000gn/T//cc3aPdxu.ltrans0.ltrans.o
 .bss.shell_history
                0x24006370      0x200 /var/folders/t2/7bcnkrz10_lcdd2nm4q03l7w0000gn/T//cc3aPdxu.ltrans0.ltrans.o
 .bss.ep2instate
                0x24006570       0x10 /var/folders/t2/7bcnkrz10_lcdd2nm4q03l7w0000gn/T//cc3aPdxu.ltrans0.ltrans.o
 .bss.ep1outstate
                0x24006580       0x10 /var/folders/t2/7bcnkrz10_lcdd2nm4q03l7w0000gn/T//cc3aPdxu.ltrans0.ltrans.o
 .bss.ep1instate
                0x24006590       0x10 /var/folders/t2/7bcnkrz10_lcdd2nm4q03l7w0000gn/T//cc3aPdxu.ltrans0.ltrans.o
 .bss.ep0setup_buffer
                0x240065a0        0x8 /var/folders/t2/7bcnkrz10_lcdd2nm4q03l7w0000gn/T//cc3aPdxu.ltrans0.ltrans.o
 .bss.ep0_state
                0x240065a8       0x10 /var/folders/t2/7bcnkrz10_lcdd2nm4q03l7w0000gn/T//cc3aPdxu.ltrans0.ltrans.o
 .bss.ch_factory
                0x240065b8       0x48 /var/folders/t2/7bcnkrz10_lcdd2nm4q03l7w0000gn/T//cc3aPdxu.ltrans0.ltrans.o
 .bss.waThread1
                0x24006600      0x170 /var/folders/t2/7bcnkrz10_lcdd2nm4q03l7w0000gn/T//cc3aPdxu.ltrans0.ltrans.o
 .bss.dma       0x24006770        0x4 /var/folders/t2/7bcnkrz10_lcdd2nm4q03l7w0000gn/T//cc3aPdxu.ltrans0.ltrans.o
 *fill*         0x24006774        0x4 
 .bss.SDU1      0x24006778      0x490 /var/folders/t2/7bcnkrz10_lcdd2nm4q03l7w0000gn/T//cc3aPdxu.ltrans0.ltrans.o
 .bss.default_heap
                0x24006c08       0x1c /var/folders/t2/7bcnkrz10_lcdd2nm4q03l7w0000gn/T//cc3aPdxu.ltrans0.ltrans.o
 .bss.shell_terminated
                0x24006c24        0x4 /var/folders/t2/7bcnkrz10_lcdd2nm4q03l7w0000gn/T//cc3aPdxu.ltrans0.ltrans.o
 .bss.ch_memcore
                0x24006c28        0x8 /var/folders/t2/7bcnkrz10_lcdd2nm4q03l7w0000gn/T//cc3aPdxu.ltrans0.ltrans.o
 .bss.ch_system
                0x24006c30        0xc /var/folders/t2/7bcnkrz10_lcdd2nm4q03l7w0000gn/T//cc3aPdxu.ltrans0.ltrans.o
 .bss.USBD2     0x24006c3c       0x9c /var/folders/t2/7bcnkrz10_lcdd2nm4q03l7w0000gn/T//cc3aPdxu.ltrans0.ltrans.o
 .bss.dma.lto_priv.0
                0x24006cd8       0x84 /var/folders/t2/7bcnkrz10_lcdd2nm4q03l7w0000gn/T//cc3aPdxu.ltrans0.ltrans.o
 .bss.PWMD5     0x24006d5c       0x20 /var/folders/t2/7bcnkrz10_lcdd2nm4q03l7w0000gn/T//cc3aPdxu.ltrans0.ltrans.o
 .bss.UARTD1    0x24006d7c       0x24 /var/folders/t2/7bcnkrz10_lcdd2nm4q03l7w0000gn/T//cc3aPdxu.ltrans0.ltrans.o
 .bss._pal_events
                0x24006da0       0x80 /var/folders/t2/7bcnkrz10_lcdd2nm4q03l7w0000gn/T//cc3aPdxu.ltrans0.ltrans.o
 .bss.ch0       0x24006e20      0x890 /var/folders/t2/7bcnkrz10_lcdd2nm4q03l7w0000gn/T//cc3aPdxu.ltrans0.ltrans.o
 .bss.__sf      0x240076b0      0x138 /Applications/ArmGNUToolchain/13.3.rel1/arm-none-eabi/bin/../lib/gcc/arm-none-eabi/13.3.1/../../../../arm-none-eabi/lib/thumb/v7e-m/nofp/libg.a(libc_a-findfp.o)
                0x240076b0                __sf
 *(COMMON)
                0x240077e8                        . = ALIGN (0x4)
                0x240077e8                        __bss_end__ = .
                [!provide]                        PROVIDE (end = .)
                0x24000000                        __ram0_base__ = ORIGIN (ram0)
                0x00050000                        __ram0_size__ = LENGTH (ram0)
                0x24050000                        __ram0_end__ = (__ram0_base__ + __ram0_size__)
                0x30000000                        __ram1_base__ = ORIGIN (ram1)
                0x00008000                        __ram1_size__ = LENGTH (ram1)
                0x30008000                        __ram1_end__ = (__ram1_base__ + __ram1_size__)
                0x30000000                        __ram2_base__ = ORIGIN (ram2)
                0x00004000                        __ram2_size__ = LENGTH (ram2)
                0x30004000                        __ram2_end__ = (__ram2_base__ + __ram2_size__)
                0x30002000                        __ram3_base__ = ORIGIN (ram3)
                0x00004000                        __ram3_size__ = LENGTH (ram3)
                0x30006000                        __ram3_end__ = (__ram3_base__ + __ram3_size__)
                0x38000000                        __ram4_base__ = ORIGIN (ram4)
                0x00004000                        __ram4_size__ = LENGTH (ram4)
                0x38004000                        __ram4_end__ = (__ram4_base__ + __ram4_size__)
                0x20000000                        __ram5_base__ = ORIGIN (ram5)
                0x00020000                        __ram5_size__ = LENGTH (ram5)
                0x20020000                        __ram5_end__ = (__ram5_base__ + __ram5_size__)
                0x00000000                        __ram6_base__ = ORIGIN (ram6)
                0x00010000                        __ram6_size__ = LENGTH (ram6)
                0x00010000                        __ram6_end__ = (__ram6_base__ + __ram6_size__)
                0x38800000                        __ram7_base__ = ORIGIN (ram7)
                0x00001000                        __ram7_size__ = LENGTH (ram7)
                0x38801000                        __ram7_end__ = (__ram7_base__ + __ram7_size__)
                0x08000000                        __flash0_base__ = ORIGIN (flash0)
                0x00100000                        __flash0_size__ = LENGTH (flash0)
                0x08100000                        __flash0_end__ = (__flash0_base__ + __flash0_size__)
                0x00000000                        __flash1_base__ = ORIGIN (flash1)
                0x00000000                        __flash1_size__ = LENGTH (flash1)
                0x00000000                        __flash1_end__ = (__flash1_base__ + __flash1_size__)
                0x00000000                        __flash2_base__ = ORIGIN (flash2)
                0x00000000                        __flash2_size__ = LENGTH (flash2)
                0x00000000                        __flash2_end__ = (__flash2_base__ + __flash2_size__)
                0x00000000                        __flash3_base__ = ORIGIN (flash3)
                0x00000000                        __flash3_size__ = LENGTH (flash3)
                0x00000000                        __flash3_end__ = (__flash3_base__ + __flash3_size__)
                0x00000000                        __flash4_base__ = ORIGIN (flash4)
                0x00000000                        __flash4_size__ = LENGTH (flash4)
                0x00000000                        __flash4_end__ = (__flash4_base__ + __flash4_size__)
                0x00000000                        __flash5_base__ = ORIGIN (flash5)
                0x00000000                        __flash5_size__ = LENGTH (flash5)
                0x00000000                        __flash5_end__ = (__flash5_base__ + __flash5_size__)
                0x00000000                        __flash6_base__ = ORIGIN (flash6)
                0x00000000                        __flash6_size__ = LENGTH (flash6)
                0x00000000                        __flash6_end__ = (__flash6_base__ + __flash6_size__)
                0x00000000                        __flash7_base__ = ORIGIN (flash7)
                0x00000000                        __flash7_size__ = LENGTH (flash7)
                0x00000000                        __flash7_end__ = (__flash7_base__ + __flash7_size__)

.ram0_init      0x240077e8        0x0 load address 0x0800d904
                0x0800d904                        __ram0_init_text__ = LOADADDR (.ram0_init)
                0x240077e8                        __ram0_init__ = .
 *(.ram0_init)
 *(.ram0_init.*)
                0x240077e8                        . = ALIGN (0x4)

.ram0           0x240077e8        0x0 load address 0x0800d904
                0x240077e8                        __ram0_clear__ = .
 *(.ram0_clear)
 *(.ram0_clear.*)
                0x240077e8                        . = ALIGN (0x4)
                0x240077e8                        __ram0_noinit__ = .
 *(.ram0)
 *(.ram0.*)
                0x240077e8                        . = ALIGN (0x4)
                0x240077e8                        __ram0_free__ = .

.ram1_init      0x30000000        0x0 load address 0x0800d904
                0x0800d904                        __ram1_init_text__ = LOADADDR (.ram1_init)
                0x30000000                        __ram1_init__ = .
 *(.ram1_init)
 *(.ram1_init.*)
                0x30000000                        . = ALIGN (0x4)

.ram1           0x30000000        0x0 load address 0x0800d904
                0x30000000                        __ram1_clear__ = .
 *(.ram1_clear)
 *(.ram1_clear.*)
                0x30000000                        . = ALIGN (0x4)
                0x30000000                        __ram1_noinit__ = .
 *(.ram1)
 *(.ram1.*)
                0x30000000                        . = ALIGN (0x4)
                0x30000000                        __ram1_free__ = .

.ram2_init      0x30000000        0x0 load address 0x0800d904
                0x0800d904                        __ram2_init_text__ = LOADADDR (.ram2_init)
                0x30000000                        __ram2_init__ = .
 *(.ram2_init)
 *(.ram2_init.*)
                0x30000000                        . = ALIGN (0x4)

.ram2           0x30000000        0x0 load address 0x0800d904
                0x30000000                        __ram2_clear__ = .
 *(.ram2_clear)
 *(.ram2_clear.*)
                0x30000000                        . = ALIGN (0x4)
                0x30000000                        __ram2_noinit__ = .
 *(.ram2)
 *(.ram2.*)
                0x30000000                        . = ALIGN (0x4)
                0x30000000                        __ram2_free__ = .

.ram3_init      0x30002000        0x0 load address 0x0800d904
                0x0800d904                        __ram3_init_text__ = LOADADDR (.ram3_init)
                0x30002000                        __ram3_init__ = .
 *(.ram3_init)
 *(.ram3_init.*)
                0x30002000                        . = ALIGN (0x4)

.ram3           0x30002000        0x0 load address 0x0800d904
                0x30002000                        __ram3_clear__ = .
 *(.ram3_clear)
 *(.ram3_clear.*)
                0x30002000                        . = ALIGN (0x4)
                0x30002000                        __ram3_noinit__ = .
 *(.ram3)
 *(.ram3.*)
                0x30002000                        . = ALIGN (0x4)
                0x30002000                        __ram3_free__ = .

.ram4_init      0x38000000        0x0 load address 0x0800d904
                0x0800d904                        __ram4_init_text__ = LOADADDR (.ram4_init)
                0x38000000                        __ram4_init__ = .
 *(.ram4_init)
 *(.ram4_init.*)
                0x38000000                        . = ALIGN (0x4)

.ram4           0x38000000        0x0 load address 0x0800d904
                0x38000000                        __ram4_clear__ = .
 *(.ram4_clear)
 *(.ram4_clear.*)
                0x38000000                        . = ALIGN (0x4)
                0x38000000                        __ram4_noinit__ = .
 *(.ram4)
 *(.ram4.*)
                0x38000000                        . = ALIGN (0x4)
                0x38000000                        __ram4_free__ = .

.ram5_init      0x20000800        0x0 load address 0x0800d904
                0x0800d904                        __ram5_init_text__ = LOADADDR (.ram5_init)
                0x20000800                        __ram5_init__ = .
 *(.ram5_init)
 *(.ram5_init.*)
                0x20000800                        . = ALIGN (0x4)

.ram5           0x20000800        0x0 load address 0x0800d904
                0x20000800                        __ram5_clear__ = .
 *(.ram5_clear)
 *(.ram5_clear.*)
                0x20000800                        . = ALIGN (0x4)
                0x20000800                        __ram5_noinit__ = .
 *(.ram5)
 *(.ram5.*)
                0x20000800                        . = ALIGN (0x4)
                0x20000800                        __ram5_free__ = .

.ram6_init      0x00000000        0x0 load address 0x0800d904
                0x0800d904                        __ram6_init_text__ = LOADADDR (.ram6_init)
                0x00000000                        __ram6_init__ = .
 *(.ram6_init)
 *(.ram6_init.*)
                0x00000000                        . = ALIGN (0x4)

.ram6           0x00000000        0x0 load address 0x0800d904
                0x00000000                        __ram6_clear__ = .
 *(.ram6_clear)
 *(.ram6_clear.*)
                0x00000000                        . = ALIGN (0x4)
                0x00000000                        __ram6_noinit__ = .
 *(.ram6)
 *(.ram6.*)
                0x00000000                        . = ALIGN (0x4)
                0x00000000                        __ram6_free__ = .

.ram7_init      0x38800000        0x0 load address 0x0800d904
                0x0800d904                        __ram7_init_text__ = LOADADDR (.ram7_init)
                0x38800000                        __ram7_init__ = .
 *(.ram7_init)
 *(.ram7_init.*)
                0x38800000                        . = ALIGN (0x4)

.ram7           0x38800000        0x0 load address 0x0800d904
                0x38800000                        __ram7_clear__ = .
 *(.ram7_clear)
 *(.ram7_clear.*)
                0x38800000                        . = ALIGN (0x4)
                0x38800000                        __ram7_noinit__ = .
 *(.ram7)
 *(.ram7.*)
                0x38800000                        . = ALIGN (0x4)
                0x38800000                        __ram7_free__ = .

.flash0         0x0800d904        0x0
                0x0800d904                        __flash0_init__ = .
 *(.flash0_init)
 *(.flash0_init.*)
                0x0800d904                        __flash0_free__ = .

.flash1         0x00000000        0x0
                0x00000000                        __flash1_init__ = .
 *(.flash1_init)
 *(.flash1_init.*)
                0x00000000                        __flash1_free__ = .

.flash2         0x00000000        0x0
                0x00000000                        __flash2_init__ = .
 *(.flash2_init)
 *(.flash2_init.*)
                0x00000000                        __flash2_free__ = .

.flash3         0x00000000        0x0
                0x00000000                        __flash3_init__ = .
 *(.flash3_init)
 *(.flash3_init.*)
                0x00000000                        __flash3_free__ = .

.flash4         0x00000000        0x0
                0x00000000                        __flash4_init__ = .
 *(.flash4_init)
 *(.flash4_init.*)
                0x00000000                        __flash4_free__ = .

.flash5         0x00000000        0x0
                0x00000000                        __flash5_init__ = .
 *(.flash5_init)
 *(.flash5_init.*)
                0x00000000                        __flash5_free__ = .

.flash6         0x00000000        0x0
                0x00000000                        __flash6_init__ = .
 *(.flash6_init)
 *(.flash6_init.*)
                0x00000000                        __flash6_free__ = .

.flash7         0x00000000        0x0
                0x00000000                        __flash7_init__ = .
 *(.flash7_init)
 *(.flash7_init.*)
                0x00000000                        __flash7_free__ = .

.heap           0x240077e8    0x48818
                0x240077e8                        . = ALIGN (0x8)
                0x240077e8                        __heap_base__ = .
                0x24050000                        . = (ORIGIN (HEAP_RAM) + LENGTH (HEAP_RAM))
 *fill*         0x240077e8    0x48818 
                0x24050000                        __heap_end__ = .
                0x00000400                        __process_stack_size__ = 0x400
                0x00000400                        __main_stack_size__ = 0x400
START GROUP
LOAD /Applications/ArmGNUToolchain/13.3.rel1/arm-none-eabi/bin/../lib/gcc/arm-none-eabi/13.3.1/thumb/v7e-m/nofp/libgcc.a
LOAD /Applications/ArmGNUToolchain/13.3.rel1/arm-none-eabi/bin/../lib/gcc/arm-none-eabi/13.3.1/../../../../arm-none-eabi/lib/thumb/v7e-m/nofp/libg.a
LOAD /Applications/ArmGNUToolchain/13.3.rel1/arm-none-eabi/bin/../lib/gcc/arm-none-eabi/13.3.1/../../../../arm-none-eabi/lib/thumb/v7e-m/nofp/libc.a
END GROUP
OUTPUT(build/ch.elf elf32-littlearm)
LOAD linker stubs

.ARM.attributes
                0x00000000       0x2f
 .ARM.attributes
                0x00000000       0x21 ./build/obj/crt0_v7m.o
 .ARM.attributes
                0x00000021       0x21 ./build/obj/vectors.o
 .ARM.attributes
                0x00000042       0x21 ./build/obj/chcoreasm.o
 .ARM.attributes
                0x00000063       0x2c /var/folders/t2/7bcnkrz10_lcdd2nm4q03l7w0000gn/T//cc3aPdxu.ltrans0.ltrans.o
 .ARM.attributes
                0x0000008f       0x2e /Applications/ArmGNUToolchain/13.3.rel1/arm-none-eabi/bin/../lib/gcc/arm-none-eabi/13.3.1/../../../../arm-none-eabi/lib/thumb/v7e-m/nofp/libg.a(libc_a-atoi.o)
 .ARM.attributes
                0x000000bd       0x2e /Applications/ArmGNUToolchain/13.3.rel1/arm-none-eabi/bin/../lib/gcc/arm-none-eabi/13.3.1/../../../../arm-none-eabi/lib/thumb/v7e-m/nofp/libg.a(libc_a-strtol.o)
 .ARM.attributes
                0x000000eb       0x2e /Applications/ArmGNUToolchain/13.3.rel1/arm-none-eabi/bin/../lib/gcc/arm-none-eabi/13.3.1/../../../../arm-none-eabi/lib/thumb/v7e-m/nofp/libg.a(libc_a-impure.o)
 .ARM.attributes
                0x00000119       0x2e /Applications/ArmGNUToolchain/13.3.rel1/arm-none-eabi/bin/../lib/gcc/arm-none-eabi/13.3.1/../../../../arm-none-eabi/lib/thumb/v7e-m/nofp/libg.a(libc_a-errno.o)
 .ARM.attributes
                0x00000147       0x2e /Applications/ArmGNUToolchain/13.3.rel1/arm-none-eabi/bin/../lib/gcc/arm-none-eabi/13.3.1/../../../../arm-none-eabi/lib/thumb/v7e-m/nofp/libg.a(libc_a-ctype_.o)
 .ARM.attributes
                0x00000175       0x2e /Applications/ArmGNUToolchain/13.3.rel1/arm-none-eabi/bin/../lib/gcc/arm-none-eabi/13.3.1/../../../../arm-none-eabi/lib/thumb/v7e-m/nofp/libg.a(libc_a-findfp.o)
 .ARM.attributes
                0x000001a3       0x2e /Applications/ArmGNUToolchain/13.3.rel1/arm-none-eabi/bin/../lib/gcc/arm-none-eabi/13.3.1/../../../../arm-none-eabi/lib/thumb/v7e-m/nofp/libg.a(libc_a-memset.o)
 .ARM.attributes
                0x000001d1       0x2e /Applications/ArmGNUToolchain/13.3.rel1/arm-none-eabi/bin/../lib/gcc/arm-none-eabi/13.3.1/../../../../arm-none-eabi/lib/thumb/v7e-m/nofp/libg.a(libc_a-strchr.o)
 .ARM.attributes
                0x000001ff       0x2e /Applications/ArmGNUToolchain/13.3.rel1/arm-none-eabi/bin/../lib/gcc/arm-none-eabi/13.3.1/../../../../arm-none-eabi/lib/thumb/v7e-m/nofp/libg.a(libc_a-strpbrk.o)
 .ARM.attributes
                0x0000022d       0x2e /Applications/ArmGNUToolchain/13.3.rel1/arm-none-eabi/bin/../lib/gcc/arm-none-eabi/13.3.1/../../../../arm-none-eabi/lib/thumb/v7e-m/nofp/libg.a(libc_a-strspn.o)
 .ARM.attributes
                0x0000025b       0x2e /Applications/ArmGNUToolchain/13.3.rel1/arm-none-eabi/bin/../lib/gcc/arm-none-eabi/13.3.1/../../../../arm-none-eabi/lib/thumb/v7e-m/nofp/libg.a(libc_a-strstr.o)
 .ARM.attributes
                0x00000289       0x1c /Applications/ArmGNUToolchain/13.3.rel1/arm-none-eabi/bin/../lib/gcc/arm-none-eabi/13.3.1/../../../../arm-none-eabi/lib/thumb/v7e-m/nofp/libg.a(libc_a-strcmp.o)
 .ARM.attributes
                0x000002a5       0x1c /Applications/ArmGNUToolchain/13.3.rel1/arm-none-eabi/bin/../lib/gcc/arm-none-eabi/13.3.1/../../../../arm-none-eabi/lib/thumb/v7e-m/nofp/libg.a(libc_a-memcpy.o)
 .ARM.attributes
                0x000002c1       0x1c /Applications/ArmGNUToolchain/13.3.rel1/arm-none-eabi/bin/../lib/gcc/arm-none-eabi/13.3.1/../../../../arm-none-eabi/lib/thumb/v7e-m/nofp/libg.a(libc_a-strlen.o)
 .ARM.attributes
                0x000002dd       0x2e /Applications/ArmGNUToolchain/13.3.rel1/arm-none-eabi/bin/../lib/gcc/arm-none-eabi/13.3.1/../../../../arm-none-eabi/lib/thumb/v7e-m/nofp/libg.a(libc_a-memcmp.o)
 .ARM.attributes
                0x0000030b       0x2e /Applications/ArmGNUToolchain/13.3.rel1/arm-none-eabi/bin/../lib/gcc/arm-none-eabi/13.3.1/../../../../arm-none-eabi/lib/thumb/v7e-m/nofp/libg.a(libc_a-strnlen.o)

.comment        0x00000000       0x45
 .comment       0x00000000       0x45 /var/folders/t2/7bcnkrz10_lcdd2nm4q03l7w0000gn/T//cc3aPdxu.ltrans0.ltrans.o
                                 0x46 (size before relaxing)

.debug_line     0x00000000     0xebe8
 .debug_line    0x00000000       0xa6 ./build/obj/crt0_v7m.o
 .debug_line    0x000000a6       0x4f ./build/obj/vectors.o
 .debug_line    0x000000f5       0x61 ./build/obj/chcoreasm.o
 .debug_line    0x00000156     0xce4f /var/folders/t2/7bcnkrz10_lcdd2nm4q03l7w0000gn/T//cc3aPdxu.ltrans0.ltrans.o
 .debug_line    0x0000cfa5       0x5a /var/folders/t2/7bcnkrz10_lcdd2nm4q03l7w0000gn/T//ccByHYuX.debug.temp.o
 .debug_line    0x0000cfff       0x7b /var/folders/t2/7bcnkrz10_lcdd2nm4q03l7w0000gn/T//cc9QEZeY.debug.temp.o
 .debug_line    0x0000d07a       0x6c /var/folders/t2/7bcnkrz10_lcdd2nm4q03l7w0000gn/T//ccFxtcYj.debug.temp.o
 .debug_line    0x0000d0e6       0xc6 /var/folders/t2/7bcnkrz10_lcdd2nm4q03l7w0000gn/T//ccARoYiQ.debug.temp.o
 .debug_line    0x0000d1ac       0xbd /var/folders/t2/7bcnkrz10_lcdd2nm4q03l7w0000gn/T//ccxPmoAM.debug.temp.o
 .debug_line    0x0000d269       0xe4 /var/folders/t2/7bcnkrz10_lcdd2nm4q03l7w0000gn/T//cc5AwbTJ.debug.temp.o
 .debug_line    0x0000d34d       0xd3 /var/folders/t2/7bcnkrz10_lcdd2nm4q03l7w0000gn/T//ccU95DRp.debug.temp.o
 .debug_line    0x0000d420       0xd9 /var/folders/t2/7bcnkrz10_lcdd2nm4q03l7w0000gn/T//ccb9T5oj.debug.temp.o
 .debug_line    0x0000d4f9       0x55 /var/folders/t2/7bcnkrz10_lcdd2nm4q03l7w0000gn/T//ccWIgsB5.debug.temp.o
 .debug_line    0x0000d54e      0x182 /var/folders/t2/7bcnkrz10_lcdd2nm4q03l7w0000gn/T//ccSvoHrk.debug.temp.o
 .debug_line    0x0000d6d0       0x76 /var/folders/t2/7bcnkrz10_lcdd2nm4q03l7w0000gn/T//ccHYlA9a.debug.temp.o
 .debug_line    0x0000d746       0xcf /var/folders/t2/7bcnkrz10_lcdd2nm4q03l7w0000gn/T//ccXam62P.debug.temp.o
 .debug_line    0x0000d815       0x7a /var/folders/t2/7bcnkrz10_lcdd2nm4q03l7w0000gn/T//ccejCqrY.debug.temp.o
 .debug_line    0x0000d88f       0xc3 /var/folders/t2/7bcnkrz10_lcdd2nm4q03l7w0000gn/T//cc2eKB9e.debug.temp.o
 .debug_line    0x0000d952       0x8b /var/folders/t2/7bcnkrz10_lcdd2nm4q03l7w0000gn/T//ccf86WCt.debug.temp.o
 .debug_line    0x0000d9dd       0x83 /var/folders/t2/7bcnkrz10_lcdd2nm4q03l7w0000gn/T//ccPlaFJZ.debug.temp.o
 .debug_line    0x0000da60       0x90 /var/folders/t2/7bcnkrz10_lcdd2nm4q03l7w0000gn/T//cctlVVjV.debug.temp.o
 .debug_line    0x0000daf0       0x75 /var/folders/t2/7bcnkrz10_lcdd2nm4q03l7w0000gn/T//ccWCrARq.debug.temp.o
 .debug_line    0x0000db65       0xd7 /var/folders/t2/7bcnkrz10_lcdd2nm4q03l7w0000gn/T//ccXeuy7V.debug.temp.o
 .debug_line    0x0000dc3c       0x94 /var/folders/t2/7bcnkrz10_lcdd2nm4q03l7w0000gn/T//ccQWS70U.debug.temp.o
 .debug_line    0x0000dcd0       0xb0 /var/folders/t2/7bcnkrz10_lcdd2nm4q03l7w0000gn/T//ccl4Kz50.debug.temp.o
 .debug_line    0x0000dd80       0xab /var/folders/t2/7bcnkrz10_lcdd2nm4q03l7w0000gn/T//ccDJfLyq.debug.temp.o
 .debug_line    0x0000de2b       0xa2 /var/folders/t2/7bcnkrz10_lcdd2nm4q03l7w0000gn/T//ccmCDF2x.debug.temp.o
 .debug_line    0x0000decd       0xb1 /var/folders/t2/7bcnkrz10_lcdd2nm4q03l7w0000gn/T//ccSf5UXK.debug.temp.o
 .debug_line    0x0000df7e       0xd6 /var/folders/t2/7bcnkrz10_lcdd2nm4q03l7w0000gn/T//ccVZimBA.debug.temp.o
 .debug_line    0x0000e054       0xa2 /var/folders/t2/7bcnkrz10_lcdd2nm4q03l7w0000gn/T//ccvHToHJ.debug.temp.o
 .debug_line    0x0000e0f6       0xbe /var/folders/t2/7bcnkrz10_lcdd2nm4q03l7w0000gn/T//ccyksxPT.debug.temp.o
 .debug_line    0x0000e1b4       0xa7 /var/folders/t2/7bcnkrz10_lcdd2nm4q03l7w0000gn/T//ccdNCH8e.debug.temp.o
 .debug_line    0x0000e25b       0xac /var/folders/t2/7bcnkrz10_lcdd2nm4q03l7w0000gn/T//ccpjK9yv.debug.temp.o
 .debug_line    0x0000e307       0xc3 /var/folders/t2/7bcnkrz10_lcdd2nm4q03l7w0000gn/T//ccAMfcPS.debug.temp.o
 .debug_line    0x0000e3ca       0xaf /var/folders/t2/7bcnkrz10_lcdd2nm4q03l7w0000gn/T//cc64ekZC.debug.temp.o
 .debug_line    0x0000e479       0xa6 /var/folders/t2/7bcnkrz10_lcdd2nm4q03l7w0000gn/T//ccxSX9CQ.debug.temp.o
 .debug_line    0x0000e51f       0xb9 /var/folders/t2/7bcnkrz10_lcdd2nm4q03l7w0000gn/T//ccIkftEl.debug.temp.o
 .debug_line    0x0000e5d8       0xc8 /var/folders/t2/7bcnkrz10_lcdd2nm4q03l7w0000gn/T//ccdcvgzr.debug.temp.o
 .debug_line    0x0000e6a0       0xa7 /var/folders/t2/7bcnkrz10_lcdd2nm4q03l7w0000gn/T//ccNkyyOX.debug.temp.o
 .debug_line    0x0000e747       0x76 /var/folders/t2/7bcnkrz10_lcdd2nm4q03l7w0000gn/T//ccjfPH1B.debug.temp.o
 .debug_line    0x0000e7bd       0xda /var/folders/t2/7bcnkrz10_lcdd2nm4q03l7w0000gn/T//ccBoWnq3.debug.temp.o
 .debug_line    0x0000e897       0xda /var/folders/t2/7bcnkrz10_lcdd2nm4q03l7w0000gn/T//ccN6m0y2.debug.temp.o
 .debug_line    0x0000e971       0xd1 /var/folders/t2/7bcnkrz10_lcdd2nm4q03l7w0000gn/T//ccJcGmyv.debug.temp.o
 .debug_line    0x0000ea42       0x8d /var/folders/t2/7bcnkrz10_lcdd2nm4q03l7w0000gn/T//ccTeEnVH.debug.temp.o
 .debug_line    0x0000eacf      0x119 /var/folders/t2/7bcnkrz10_lcdd2nm4q03l7w0000gn/T//cch3adVq.debug.temp.o

.debug_line_str
                0x00000000     0x118d
 .debug_line_str
                0x00000000     0x118d ./build/obj/crt0_v7m.o
                                 0x63 (size before relaxing)
 .debug_line_str
                0x0000118d       0x62 ./build/obj/vectors.o
 .debug_line_str
                0x0000118d       0x63 ./build/obj/chcoreasm.o
 .debug_line_str
                0x0000118d      0x198 /var/folders/t2/7bcnkrz10_lcdd2nm4q03l7w0000gn/T//ccByHYuX.debug.temp.o
 .debug_line_str
                0x0000118d      0x13e /var/folders/t2/7bcnkrz10_lcdd2nm4q03l7w0000gn/T//cc9QEZeY.debug.temp.o
 .debug_line_str
                0x0000118d      0x1b0 /var/folders/t2/7bcnkrz10_lcdd2nm4q03l7w0000gn/T//ccFxtcYj.debug.temp.o
 .debug_line_str
                0x0000118d      0x339 /var/folders/t2/7bcnkrz10_lcdd2nm4q03l7w0000gn/T//ccARoYiQ.debug.temp.o
 .debug_line_str
                0x0000118d      0x2a7 /var/folders/t2/7bcnkrz10_lcdd2nm4q03l7w0000gn/T//ccxPmoAM.debug.temp.o
 .debug_line_str
                0x0000118d      0x366 /var/folders/t2/7bcnkrz10_lcdd2nm4q03l7w0000gn/T//cc5AwbTJ.debug.temp.o
 .debug_line_str
                0x0000118d      0x367 /var/folders/t2/7bcnkrz10_lcdd2nm4q03l7w0000gn/T//ccU95DRp.debug.temp.o
 .debug_line_str
                0x0000118d      0x375 /var/folders/t2/7bcnkrz10_lcdd2nm4q03l7w0000gn/T//ccb9T5oj.debug.temp.o
 .debug_line_str
                0x0000118d      0x174 /var/folders/t2/7bcnkrz10_lcdd2nm4q03l7w0000gn/T//ccWIgsB5.debug.temp.o
 .debug_line_str
                0x0000118d      0x667 /var/folders/t2/7bcnkrz10_lcdd2nm4q03l7w0000gn/T//ccSvoHrk.debug.temp.o
 .debug_line_str
                0x0000118d      0x237 /var/folders/t2/7bcnkrz10_lcdd2nm4q03l7w0000gn/T//ccHYlA9a.debug.temp.o
 .debug_line_str
                0x0000118d      0x36b /var/folders/t2/7bcnkrz10_lcdd2nm4q03l7w0000gn/T//ccXam62P.debug.temp.o
 .debug_line_str
                0x0000118d      0x241 /var/folders/t2/7bcnkrz10_lcdd2nm4q03l7w0000gn/T//ccejCqrY.debug.temp.o
 .debug_line_str
                0x0000118d      0x3b1 /var/folders/t2/7bcnkrz10_lcdd2nm4q03l7w0000gn/T//cc2eKB9e.debug.temp.o
 .debug_line_str
                0x0000118d      0x289 /var/folders/t2/7bcnkrz10_lcdd2nm4q03l7w0000gn/T//ccf86WCt.debug.temp.o
 .debug_line_str
                0x0000118d      0x26f /var/folders/t2/7bcnkrz10_lcdd2nm4q03l7w0000gn/T//ccPlaFJZ.debug.temp.o
 .debug_line_str
                0x0000118d      0x2be /var/folders/t2/7bcnkrz10_lcdd2nm4q03l7w0000gn/T//cctlVVjV.debug.temp.o
 .debug_line_str
                0x0000118d      0x207 /var/folders/t2/7bcnkrz10_lcdd2nm4q03l7w0000gn/T//ccWCrARq.debug.temp.o
 .debug_line_str